Component: ARM Compiler 5.05 update 1 (build 106) Tool: armlink [4d0efa]

==============================================================================

Section Cross References

    startup_stm32f103xe.o(RESET) refers to startup_stm32f103xe.o(STACK) for __initial_sp
    startup_stm32f103xe.o(RESET) refers to startup_stm32f103xe.o(.text) for Reset_Handler
    startup_stm32f103xe.o(RESET) refers to stm32f1xx_it.o(i.NMI_Handler) for NMI_Handler
    startup_stm32f103xe.o(RESET) refers to stm32f1xx_it.o(i.HardFault_Handler) for HardFault_Handler
    startup_stm32f103xe.o(RESET) refers to stm32f1xx_it.o(i.MemManage_Handler) for MemManage_Handler
    startup_stm32f103xe.o(RESET) refers to stm32f1xx_it.o(i.BusFault_Handler) for BusFault_Handler
    startup_stm32f103xe.o(RESET) refers to stm32f1xx_it.o(i.UsageFault_Handler) for UsageFault_Handler
    startup_stm32f103xe.o(RESET) refers to port.o(.emb_text) for SVC_Handler
    startup_stm32f103xe.o(RESET) refers to stm32f1xx_it.o(i.DebugMon_Handler) for DebugMon_Handler
    startup_stm32f103xe.o(RESET) refers to port.o(i.SysTick_Handler) for SysTick_Handler
    startup_stm32f103xe.o(RESET) refers to stm32f1xx_it.o(i.EXTI2_IRQHandler) for EXTI2_IRQHandler
    startup_stm32f103xe.o(RESET) refers to stm32f1xx_it.o(i.DMA1_Channel1_IRQHandler) for DMA1_Channel1_IRQHandler
    startup_stm32f103xe.o(RESET) refers to stm32f1xx_it.o(i.DMA1_Channel3_IRQHandler) for DMA1_Channel3_IRQHandler
    startup_stm32f103xe.o(RESET) refers to stm32f1xx_it.o(i.DMA1_Channel5_IRQHandler) for DMA1_Channel5_IRQHandler
    startup_stm32f103xe.o(RESET) refers to stm32f1xx_it.o(i.DMA1_Channel6_IRQHandler) for DMA1_Channel6_IRQHandler
    startup_stm32f103xe.o(RESET) refers to stm32f1xx_it.o(i.DMA1_Channel7_IRQHandler) for DMA1_Channel7_IRQHandler
    startup_stm32f103xe.o(RESET) refers to stm32f1xx_it.o(i.USART1_IRQHandler) for USART1_IRQHandler
    startup_stm32f103xe.o(RESET) refers to stm32f1xx_it.o(i.USART2_IRQHandler) for USART2_IRQHandler
    startup_stm32f103xe.o(RESET) refers to stm32f1xx_it.o(i.USART3_IRQHandler) for USART3_IRQHandler
    startup_stm32f103xe.o(RESET) refers to stm32f1xx_it.o(i.TIM7_IRQHandler) for TIM7_IRQHandler
    startup_stm32f103xe.o(.text) refers to system_stm32f1xx.o(i.SystemInit) for SystemInit
    startup_stm32f103xe.o(.text) refers to entry.o(.ARM.Collect$$$$00000000) for __main
    main.o(i.HAL_TIM_PeriodElapsedCallback) refers to stm32f1xx_hal.o(i.HAL_IncTick) for HAL_IncTick
    main.o(i.SystemClock_Config) refers to memseta.o(.text) for __aeabi_memclr4
    main.o(i.SystemClock_Config) refers to stm32f1xx_hal_rcc.o(i.HAL_RCC_OscConfig) for HAL_RCC_OscConfig
    main.o(i.SystemClock_Config) refers to stm32f1xx_hal_rcc.o(i.HAL_RCC_ClockConfig) for HAL_RCC_ClockConfig
    main.o(i.SystemClock_Config) refers to stm32f1xx_hal_rcc_ex.o(i.HAL_RCCEx_PeriphCLKConfig) for HAL_RCCEx_PeriphCLKConfig
    main.o(i.main) refers to stm32f1xx_hal.o(i.HAL_Init) for HAL_Init
    main.o(i.main) refers to main.o(i.SystemClock_Config) for SystemClock_Config
    main.o(i.main) refers to gpio.o(i.MX_GPIO_Init) for MX_GPIO_Init
    main.o(i.main) refers to dma.o(i.MX_DMA_Init) for MX_DMA_Init
    main.o(i.main) refers to adc.o(i.MX_ADC1_Init) for MX_ADC1_Init
    main.o(i.main) refers to i2c.o(i.MX_I2C2_Init) for MX_I2C2_Init
    main.o(i.main) refers to tim.o(i.MX_TIM1_Init) for MX_TIM1_Init
    main.o(i.main) refers to tim.o(i.MX_TIM3_Init) for MX_TIM3_Init
    main.o(i.main) refers to usart.o(i.MX_USART1_UART_Init) for MX_USART1_UART_Init
    main.o(i.main) refers to usart.o(i.MX_USART2_UART_Init) for MX_USART2_UART_Init
    main.o(i.main) refers to usart.o(i.MX_USART3_UART_Init) for MX_USART3_UART_Init
    main.o(i.main) refers to tim.o(i.MX_TIM6_Init) for MX_TIM6_Init
    main.o(i.main) refers to board.o(i.BSP_Init) for BSP_Init
    main.o(i.main) refers to freertos.o(i.MX_FREERTOS_Init) for MX_FREERTOS_Init
    main.o(i.main) refers to cmsis_os.o(i.osKernelStart) for osKernelStart
    main.o(i.main) refers to stm32f1xx_hal_uart.o(i.HAL_UART_Transmit) for HAL_UART_Transmit
    main.o(i.main) refers to stm32f1xx_hal.o(i.HAL_Delay) for HAL_Delay
    main.o(i.main) refers to tim.o(.bss) for htim1
    main.o(i.main) refers to main.o(.data) for .data
    main.o(i.main) refers to usart.o(.bss) for huart3
    gpio.o(i.MX_GPIO_Init) refers to stm32f1xx_hal_gpio.o(i.HAL_GPIO_WritePin) for HAL_GPIO_WritePin
    gpio.o(i.MX_GPIO_Init) refers to stm32f1xx_hal_gpio.o(i.HAL_GPIO_Init) for HAL_GPIO_Init
    gpio.o(i.MX_GPIO_Init) refers to stm32f1xx_hal_cortex.o(i.HAL_NVIC_SetPriority) for HAL_NVIC_SetPriority
    gpio.o(i.MX_GPIO_Init) refers to stm32f1xx_hal_cortex.o(i.HAL_NVIC_EnableIRQ) for HAL_NVIC_EnableIRQ
    adc.o(i.HAL_ADC_MspDeInit) refers to stm32f1xx_hal_gpio.o(i.HAL_GPIO_DeInit) for HAL_GPIO_DeInit
    adc.o(i.HAL_ADC_MspDeInit) refers to stm32f1xx_hal_dma.o(i.HAL_DMA_DeInit) for HAL_DMA_DeInit
[...]
    .bss                                     0x200005d4   Section       64  stm32f1xx_hal_timebase_tim.o(.bss)
    .bss                                     0x20000614   Section      240  tasks.o(.bss)
    pxReadyTasksLists                        0x20000614   Data         140  tasks.o(.bss)
    xDelayedTaskList1                        0x200006a0   Data          20  tasks.o(.bss)
    xDelayedTaskList2                        0x200006b4   Data          20  tasks.o(.bss)
    xPendingReadyList                        0x200006c8   Data          20  tasks.o(.bss)
    xTasksWaitingTermination                 0x200006dc   Data          20  tasks.o(.bss)
    xSuspendedTaskList                       0x200006f0   Data          20  tasks.o(.bss)
    .bss                                     0x20000704   Section     8192  heap_4.o(.bss)
    ucHeap                                   0x20000704   Data        8192  heap_4.o(.bss)
    .bss                                     0x20002704   Section      404  batt.o(.bss)
    .bss                                     0x20002898   Section      290  sx1278.o(.bss)
    .bss                                     0x200029bc   Section      524  jy901.o(.bss)
    ucRxBuffer                               0x200029bc   Data         250  jy901.o(.bss)
    .bss                                     0x20002bc8   Section       60  hp206c_10ba.o(.bss)
    .bss                                     0x20002c04   Section      304  pid.o(.bss)
    .bss                                     0x20002d34   Section      290  stm32_pi.o(.bss)
    .bss                                     0x20002e58   Section       12  compass_task.o(.bss)
    .bss                                     0x20002e64   Section      184  control_task.o(.bss)
    .bss                                     0x20002f1c   Section       60  message_task.o(.bss)
    control_data                             0x20002f1c   Data          32  message_task.o(.bss)
    imu_data                                 0x20002f3c   Data          12  message_task.o(.bss)
    .bss                                     0x20002f58   Section       16  pressure_task.o(.bss)
    STACK                                    0x20002f68   Section     1024  startup_stm32f103xe.o(STACK)

    Global Symbols

    Symbol Name                              Value     Ov Type        Size  Object(Section)

    BuildAttributes$$THM_ISAv4$P$D$K$B$S$PE$A:L22UL41UL21$X:L11$S22US41US21$IEEE1$IW$USESV6$~STKCKD$USESV7$~SHL$OTIME$ROPI$EBA8$MICROLIB$REQ8$PRES8$EABIv2 0x00000000   Number         0  anon$$obj.o ABSOLUTE
    __ARM_use_no_argv                        0x00000000   Number         0  main.o ABSOLUTE
    _printf_a                                0x00000000   Number         0  stubs.o ABSOLUTE
    _printf_c                                0x00000000   Number         0  stubs.o ABSOLUTE
    _printf_charcount                        0x00000000   Number         0  stubs.o ABSOLUTE
    _printf_d                                0x00000000   Number         0  stubs.o ABSOLUTE
    _printf_e                                0x00000000   Number         0  stubs.o ABSOLUTE
    _printf_f                                0x00000000   Number         0  stubs.o ABSOLUTE
    _printf_flags                            0x00000000   Number         0  stubs.o ABSOLUTE
    _printf_fp_dec                           0x00000000   Number         0  stubs.o ABSOLUTE
    _printf_fp_hex                           0x00000000   Number         0  stubs.o ABSOLUTE
    _printf_g                                0x00000000   Number         0  stubs.o ABSOLUTE
    _printf_i                                0x00000000   Number         0  stubs.o ABSOLUTE
    _printf_int_dec                          0x00000000   Number         0  stubs.o ABSOLUTE
    _printf_l                                0x00000000   Number         0  stubs.o ABSOLUTE
    _printf_lc                               0x00000000   Number         0  stubs.o ABSOLUTE
    _printf_ll                               0x00000000   Number         0  stubs.o ABSOLUTE
    _printf_lld                              0x00000000   Number         0  stubs.o ABSOLUTE
    _printf_lli                              0x00000000   Number         0  stubs.o ABSOLUTE
    _printf_llo                              0x00000000   Number         0  stubs.o ABSOLUTE
    _printf_llu                              0x00000000   Number         0  stubs.o ABSOLUTE
    _printf_llx                              0x00000000   Number         0  stubs.o ABSOLUTE
    _printf_longlong_dec                     0x00000000   Number         0  stubs.o ABSOLUTE
    _printf_longlong_hex                     0x00000000   Number         0  stubs.o ABSOLUTE
    _printf_longlong_oct                     0x00000000   Number         0  stubs.o ABSOLUTE
    _printf_ls                               0x00000000   Number         0  stubs.o ABSOLUTE
    _printf_mbtowc                           0x00000000   Number         0  stubs.o ABSOLUTE
    _printf_n                                0x00000000   Number         0  stubs.o ABSOLUTE
    _printf_o                                0x00000000   Number         0  stubs.o ABSOLUTE
    _printf_p                                0x00000000   Number         0  stubs.o ABSOLUTE
    _printf_percent                          0x00000000   Number         0  stubs.o ABSOLUTE
    _printf_pre_padding                      0x00000000   Number         0  stubs.o ABSOLUTE
    _printf_return_value                     0x00000000   Number         0  stubs.o ABSOLUTE
    _printf_s                                0x00000000   Number         0  stubs.o ABSOLUTE
    _printf_sizespec                         0x00000000   Number         0  stubs.o ABSOLUTE
    _printf_str                              0x00000000   Number         0  stubs.o ABSOLUTE
    _printf_truncate_signed                  0x00000000   Number         0  stubs.o ABSOLUTE
    _printf_truncate_unsigned                0x00000000   Number         0  stubs.o ABSOLUTE
    _printf_u                                0x00000000   Number         0  stubs.o ABSOLUTE
    _printf_wc                               0x00000000   Number         0  stubs.o ABSOLUTE
    _printf_wctomb                           0x00000000   Number         0  stubs.o ABSOLUTE
    _printf_widthprec                        0x00000000   Number         0  stubs.o ABSOLUTE
    _printf_x                                0x00000000   Number         0  stubs.o ABSOLUTE
    __cpp_initialize__aeabi_                  - Undefined Weak Reference
    __cxa_finalize                            - Undefined Weak Reference
    _clock_init                               - Undefined Weak Reference
    _microlib_exit                            - Undefined Weak Reference
    __Vectors_Size                           0x00000130   Number         0  startup_stm32f103xe.o ABSOLUTE
    __Vectors                                0x08000000   Data           4  startup_stm32f103xe.o(RESET)
    __Vectors_End                            0x08000130   Data           0  startup_stm32f103xe.o(RESET)
    __main                                   0x08000131   Thumb Code     0  entry.o(.ARM.Collect$$$$00000000)
    _main_stk                                0x08000131   Thumb Code     0  entry2.o(.ARM.Collect$$$$00000001)
    _main_scatterload                        0x08000135   Thumb Code     0  entry5.o(.ARM.Collect$$$$00000004)
    __main_after_scatterload                 0x08000139   Thumb Code     0  entry5.o(.ARM.Collect$$$$00000004)
    _main_clock                              0x08000139   Thumb Code     0  entry7b.o(.ARM.Collect$$$$00000008)
    _main_cpp_init                           0x08000139   Thumb Code     0  entry8b.o(.ARM.Collect$$$$0000000A)
    _main_init                               0x08000139   Thumb Code     0  entry9a.o(.ARM.Collect$$$$0000000B)
    __rt_final_cpp                           0x08000141   Thumb Code     0  entry10a.o(.ARM.Collect$$$$0000000D)
    __rt_final_exit                          0x08000141   Thumb Code     0  entry11a.o(.ARM.Collect$$$$0000000F)
    SVC_Handler                              0x08000145   Thumb Code    32  port.o(.emb_text)
    __asm___6_port_c_39a90d8d__prvStartFirstTask 0x08000169   Thumb Code    28  port.o(.emb_text)
    PendSV_Handler                           0x08000189   Thumb Code    72  port.o(.emb_text)
    vPortGetIPSR                             0x080001d5   Thumb Code     6  port.o(.emb_text)
    Reset_Handler                            0x080001dd   Thumb Code     8  startup_stm32f103xe.o(.text)
    ADC1_2_IRQHandler                        0x080001f7   Thumb Code     0  startup_stm32f103xe.o(.text)
    ADC3_IRQHandler                          0x080001f7   Thumb Code     0  startup_stm32f103xe.o(.text)
    CAN1_RX1_IRQHandler                      0x080001f7   Thumb Code     0  startup_stm32f103xe.o(.text)
    CAN1_SCE_IRQHandler                      0x080001f7   Thumb Code     0  startup_stm32f103xe.o(.text)
    DMA1_Channel2_IRQHandler                 0x080001f7   Thumb Code     0  startup_stm32f103xe.o(.text)
    DMA1_Channel4_IRQHandler                 0x080001f7   Thumb Code     0  startup_stm32f103xe.o(.text)
    DMA2_Channel1_IRQHandler                 0x080001f7   Thumb Code     0  startup_stm32f103xe.o(.text)
    DMA2_Channel2_IRQHandler                 0x080001f7   Thumb Code     0  startup_stm32f103xe.o(.text)
    DMA2_Channel3_IRQHandler                 0x080001f7   Thumb Code     0  startup_stm32f103xe.o(.text)
    DMA2_Channel4_5_IRQHandler               0x080001f7   Thumb Code     0  startup_stm32f103xe.o(.text)
    EXTI0_IRQHandler                         0x080001f7   Thumb Code     0  startup_stm32f103xe.o(.text)
    EXTI15_10_IRQHandler                     0x080001f7   Thumb Code     0  startup_stm32f103xe.o(.text)
    EXTI1_IRQHandler                         0x080001f7   Thumb Code     0  startup_stm32f103xe.o(.text)
    EXTI3_IRQHandler                         0x080001f7   Thumb Code     0  startup_stm32f103xe.o(.text)
    EXTI4_IRQHandler                         0x080001f7   Thumb Code     0  startup_stm32f103xe.o(.text)
    EXTI9_5_IRQHandler                       0x080001f7   Thumb Code     0  startup_stm32f103xe.o(.text)
    FLASH_IRQHandler                         0x080001f7   Thumb Code     0  startup_stm32f103xe.o(.text)
    FSMC_IRQHandler                          0x080001f7   Thumb Code     0  startup_stm32f103xe.o(.text)
    I2C1_ER_IRQHandler                       0x080001f7   Thumb Code     0  startup_stm32f103xe.o(.text)
    I2C1_EV_IRQHandler                       0x080001f7   Thumb Code     0  startup_stm32f103xe.o(.text)
    I2C2_ER_IRQHandler                       0x080001f7   Thumb Code     0  startup_stm32f103xe.o(.text)
    I2C2_EV_IRQHandler                       0x080001f7   Thumb Code     0  startup_stm32f103xe.o(.text)
    PVD_IRQHandler                           0x080001f7   Thumb Code     0  startup_stm32f103xe.o(.text)
    RCC_IRQHandler                           0x080001f7   Thumb Code     0  startup_stm32f103xe.o(.text)
    RTC_Alarm_IRQHandler                     0x080001f7   Thumb Code     0  startup_stm32f103xe.o(.text)
    RTC_IRQHandler                           0x080001f7   Thumb Code     0  startup_stm32f103xe.o(.text)
    SDIO_IRQHandler                          0x080001f7   Thumb Code     0  startup_stm32f103xe.o(.text)
    SPI1_IRQHandler                          0x080001f7   Thumb Code     0  startup_stm32f103xe.o(.text)
    SPI2_IRQHandler                          0x080001f7   Thumb Code     0  startup_stm32f103xe.o(.text)
    SPI3_IRQHandler                          0x080001f7   Thumb Code     0  startup_stm32f103xe.o(.text)
    TAMPER_IRQHandler                        0x080001f7   Thumb Code     0  startup_stm32f103xe.o(.text)
    TIM1_BRK_IRQHandler                      0x080001f7   Thumb Code     0  startup_stm32f103xe.o(.text)
    TIM1_CC_IRQHandler                       0x080001f7   Thumb Code     0  startup_stm32f103xe.o(.text)
    TIM1_TRG_COM_IRQHandler                  0x080001f7   Thumb Code     0  startup_stm32f103xe.o(.text)
    TIM1_UP_IRQHandler                       0x080001f7   Thumb Code     0  startup_stm32f103xe.o(.text)
    TIM2_IRQHandler                          0x080001f7   Thumb Code     0  startup_stm32f103xe.o(.text)
    TIM3_IRQHandler                          0x080001f7   Thumb Code     0  startup_stm32f103xe.o(.text)
    TIM4_IRQHandler                          0x080001f7   Thumb Code     0  startup_stm32f103xe.o(.text)
    TIM5_IRQHandler                          0x080001f7   Thumb Code     0  startup_stm32f103xe.o(.text)
    TIM6_IRQHandler                          0x080001f7   Thumb Code     0  startup_stm32f103xe.o(.text)
    TIM8_BRK_IRQHandler                      0x080001f7   Thumb Code     0  startup_stm32f103xe.o(.text)
    TIM8_CC_IRQHandler                       0x080001f7   Thumb Code     0  startup_stm32f103xe.o(.text)
    TIM8_TRG_COM_IRQHandler                  0x080001f7   Thumb Code     0  startup_stm32f103xe.o(.text)
    TIM8_UP_IRQHandler                       0x080001f7   Thumb Code     0  startup_stm32f103xe.o(.text)
    UART4_IRQHandler                         0x080001f7   Thumb Code     0  startup_stm32f103xe.o(.text)
    UART5_IRQHandler                         0x080001f7   Thumb Code     0  startup_stm32f103xe.o(.text)
    USBWakeUp_IRQHandler                     0x080001f7   Thumb Code     0  startup_stm32f103xe.o(.text)
    USB_HP_CAN1_TX_IRQHandler                0x080001f7   Thumb Code     0  startup_stm32f103xe.o(.text)
    USB_LP_CAN1_RX0_IRQHandler               0x080001f7   Thumb Code     0  startup_stm32f103xe.o(.text)
    WWDG_IRQHandler                          0x080001f7   Thumb Code     0  startup_stm32f103xe.o(.text)
    __aeabi_llsr                             0x08000201   Thumb Code    32  llushr.o(.text)
    _ll_ushift_r                             0x08000201   Thumb Code     0  llushr.o(.text)
    __aeabi_memcpy                           0x08000221   Thumb Code    36  memcpya.o(.text)
    __aeabi_memcpy4                          0x08000221   Thumb Code     0  memcpya.o(.text)
    __aeabi_memcpy8                          0x08000221   Thumb Code     0  memcpya.o(.text)
    __aeabi_memset                           0x08000245   Thumb Code    14  memseta.o(.text)
    __aeabi_memset4                          0x08000245   Thumb Code     0  memseta.o(.text)
    __aeabi_memset8                          0x08000245   Thumb Code     0  memseta.o(.text)
    __aeabi_memclr                           0x08000253   Thumb Code     4  memseta.o(.text)
    __aeabi_memclr4                          0x08000253   Thumb Code     0  memseta.o(.text)
    __aeabi_memclr8                          0x08000253   Thumb Code     0  memseta.o(.text)
    _memset$wrapper                          0x08000257   Thumb Code    18  memseta.o(.text)
    strstr                                   0x08000269   Thumb Code    36  strstr.o(.text)
    strlen                                   0x0800028d   Thumb Code    14  strlen.o(.text)
    __aeabi_fadd                             0x0800029b   Thumb Code   164  fadd.o(.text)
    __aeabi_fsub                             0x0800033f   Thumb Code     6  fadd.o(.text)
    __aeabi_frsub                            0x08000345   Thumb Code     6  fadd.o(.text)
    __aeabi_fmul                             0x0800034b   Thumb Code   100  fmul.o(.text)
    __aeabi_fdiv                             0x080003af   Thumb Code   124  fdiv.o(.text)
    __ARM_scalbnf                            0x0800042b   Thumb Code    24  fscalb.o(.text)
    scalbnf                                  0x0800042b   Thumb Code     0  fscalb.o(.text)
    __aeabi_dadd                             0x08000443   Thumb Code   322  dadd.o(.text)
    __aeabi_dsub                             0x08000585   Thumb Code     6  dadd.o(.text)
    __aeabi_drsub                            0x0800058b   Thumb Code     6  dadd.o(.text)
    __aeabi_dmul                             0x08000591   Thumb Code   228  dmul.o(.text)
    __aeabi_ddiv                             0x08000675   Thumb Code   222  ddiv.o(.text)
    __aeabi_i2f                              0x08000753   Thumb Code    18  fflti.o(.text)
    __aeabi_ui2f                             0x08000765   Thumb Code    10  ffltui.o(.text)
    __aeabi_i2d                              0x0800076f   Thumb Code    34  dflti.o(.text)
    __aeabi_f2iz                             0x08000791   Thumb Code    50  ffixi.o(.text)
    __aeabi_f2uiz                            0x080007c3   Thumb Code    40  ffixui.o(.text)
    __aeabi_d2iz                             0x080007eb   Thumb Code    62  dfixi.o(.text)
    __aeabi_f2d                              0x08000829   Thumb Code    38  f2d.o(.text)
    __aeabi_d2f                              0x0800084f   Thumb Code    56  d2f.o(.text)
    __aeabi_cfcmpeq                          0x08000889   Thumb Code     0  cfcmple.o(.text)
    __aeabi_cfcmple                          0x08000889   Thumb Code    20  cfcmple.o(.text)
    __aeabi_cfrcmple                         0x0800089d   Thumb Code    20  cfrcmple.o(.text)
    __aeabi_uidiv                            0x080008b1   Thumb Code     0  uidiv.o(.text)
    __aeabi_uidivmod                         0x080008b1   Thumb Code    44  uidiv.o(.text)
    __aeabi_uldivmod                         0x080008dd   Thumb Code    98  uldiv.o(.text)
    __aeabi_llsl                             0x0800093f   Thumb Code    30  llshl.o(.text)
    _ll_shift_l                              0x0800093f   Thumb Code     0  llshl.o(.text)
    __aeabi_lasr                             0x0800095d   Thumb Code    36  llsshr.o(.text)
    _ll_sshift_r                             0x0800095d   Thumb Code     0  llsshr.o(.text)
    __I$use$fp                               0x08000981   Thumb Code     0  iusefp.o(.text)
    _float_round                             0x08000981   Thumb Code    18  fepilogue.o(.text)
    _float_epilogue                          0x08000993   Thumb Code    92  fepilogue.o(.text)
    _double_round                            0x080009ef   Thumb Code    30  depilogue.o(.text)
    _double_epilogue                         0x08000a0d   Thumb Code   156  depilogue.o(.text)
    __aeabi_d2ulz                            0x08000aa9   Thumb Code    48  dfixul.o(.text)
    __aeabi_cdrcmple                         0x08000ad9   Thumb Code    48  cdrcmple.o(.text)
    __scatterload                            0x08000b09   Thumb Code    28  init.o(.text)
    __scatterload_rt2                        0x08000b09   Thumb Code     0  init.o(.text)
    __decompress                             0x08000b2d   Thumb Code     0  __dczerorl2.o(.text)
    __decompress1                            0x08000b2d   Thumb Code    86  __dczerorl2.o(.text)
    ADC_ConversionStop_Disable               0x08000b85   Thumb Code    76  stm32f1xx_hal_adc.o(i.ADC_ConversionStop_Disable)
    ADC_DMAConvCplt                          0x08000bd1   Thumb Code    78  stm32f1xx_hal_adc.o(i.ADC_DMAConvCplt)
    ADC_DMAError                             0x08000c1f   Thumb Code    26  stm32f1xx_hal_adc.o(i.ADC_DMAError)
    ADC_DMAHalfConvCplt                      0x08000c39   Thumb Code    10  stm32f1xx_hal_adc.o(i.ADC_DMAHalfConvCplt)
    ADC_Enable                               0x08000c45   Thumb Code   104  stm32f1xx_hal_adc.o(i.ADC_Enable)
    Adder_Control_Disable_Counter            0x08000cb5   Thumb Code    18  control.o(i.Adder_Control_Disable_Counter)
    BSP_Init                                 0x08000ccd   Thumb Code    42  board.o(i.BSP_Init)
    Batt_Init                                0x08000cf9   Thumb Code    38  batt.o(i.Batt_Init)
    BusFault_Handler                         0x08000d2d   Thumb Code     2  stm32f1xx_it.o(i.BusFault_Handler)
    Clear_Control_Disable_Counter            0x08000d31   Thumb Code     8  control.o(i.Clear_Control_Disable_Counter)
    CopeSerialData                           0x08000d3d   Thumb Code   160  jy901.o(i.CopeSerialData)
    DMA1_Channel1_IRQHandler                 0x08000de5   Thumb Code     6  stm32f1xx_it.o(i.DMA1_Channel1_IRQHandler)
    DMA1_Channel3_IRQHandler                 0x08000df1   Thumb Code     6  stm32f1xx_it.o(i.DMA1_Channel3_IRQHandler)
    DMA1_Channel5_IRQHandler                 0x08000dfd   Thumb Code     6  stm32f1xx_it.o(i.DMA1_Channel5_IRQHandler)
    DMA1_Channel6_IRQHandler                 0x08000e09   Thumb Code     6  stm32f1xx_it.o(i.DMA1_Channel6_IRQHandler)
    DMA1_Channel7_IRQHandler                 0x08000e15   Thumb Code     6  stm32f1xx_it.o(i.DMA1_Channel7_IRQHandler)
    DebugMon_Handler                         0x08000e4b   Thumb Code     2  stm32f1xx_it.o(i.DebugMon_Handler)
    EXTI2_IRQHandler                         0x08000e6f   Thumb Code     6  stm32f1xx_it.o(i.EXTI2_IRQHandler)
    Error_Handler                            0x08000e75   Thumb Code     2  main.o(i.Error_Handler)
    GetCurrent                               0x08000e79   Thumb Code    56  batt.o(i.GetCurrent)
    GetHp206cData                            0x08000ec5   Thumb Code   100  hp206c_10ba.o(i.GetHp206cData)
    GetVoltage                               0x08000f39   Thumb Code    92  batt.o(i.GetVoltage)
    Get_Batt_Data                            0x08000fb1   Thumb Code    18  batt.o(i.Get_Batt_Data)
    Get_Control_Disable_Counter_State        0x08000fc5   Thumb Code    16  control.o(i.Get_Control_Disable_Counter_State)
    HAL_ADC_ConfigChannel                    0x08000fd9   Thumb Code   240  stm32f1xx_hal_adc.o(i.HAL_ADC_ConfigChannel)
    HAL_ADC_ConvCpltCallback                 0x080010d5   Thumb Code     2  stm32f1xx_hal_adc.o(i.HAL_ADC_ConvCpltCallback)
    HAL_ADC_ConvHalfCpltCallback             0x080010d7   Thumb Code     2  stm32f1xx_hal_adc.o(i.HAL_ADC_ConvHalfCpltCallback)
    HAL_ADC_ErrorCallback                    0x080010d9   Thumb Code     2  stm32f1xx_hal_adc.o(i.HAL_ADC_ErrorCallback)
    HAL_ADC_Init                             0x080010dd   Thumb Code   276  stm32f1xx_hal_adc.o(i.HAL_ADC_Init)
    HAL_ADC_MspInit                          0x08001201   Thumb Code   120  adc.o(i.HAL_ADC_MspInit)
    HAL_ADC_Start_DMA                        0x0800128d   Thumb Code   246  stm32f1xx_hal_adc.o(i.HAL_ADC_Start_DMA)
    HAL_DMA_Abort                            0x08001399   Thumb Code    48  stm32f1xx_hal_dma.o(i.HAL_DMA_Abort)
    HAL_DMA_Abort_IT                         0x080013c9   Thumb Code   296  stm32f1xx_hal_dma.o(i.HAL_DMA_Abort_IT)
    HAL_DMA_IRQHandler                       0x080014f9   Thumb Code   552  stm32f1xx_hal_dma.o(i.HAL_DMA_IRQHandler)
    HAL_DMA_Init                             0x08001741   Thumb Code   112  stm32f1xx_hal_dma.o(i.HAL_DMA_Init)
    HAL_DMA_Start_IT                         0x080017bd   Thumb Code   112  stm32f1xx_hal_dma.o(i.HAL_DMA_Start_IT)
    HAL_Delay                                0x0800182d   Thumb Code    32  stm32f1xx_hal.o(i.HAL_Delay)
    HAL_GPIO_EXTI_Callback                   0x08001851   Thumb Code    52  board.o(i.HAL_GPIO_EXTI_Callback)
    HAL_GPIO_EXTI_IRQHandler                 0x0800188d   Thumb Code    18  stm32f1xx_hal_gpio.o(i.HAL_GPIO_EXTI_IRQHandler)
    HAL_GPIO_Init                            0x080018a5   Thumb Code   446  stm32f1xx_hal_gpio.o(i.HAL_GPIO_Init)
    HAL_GPIO_ReadPin                         0x08001a8d   Thumb Code    10  stm32f1xx_hal_gpio.o(i.HAL_GPIO_ReadPin)
    HAL_GPIO_WritePin                        0x08001a97   Thumb Code    10  stm32f1xx_hal_gpio.o(i.HAL_GPIO_WritePin)
    HAL_GetTick                              0x08001aa1   Thumb Code     6  stm32f1xx_hal.o(i.HAL_GetTick)
    HAL_I2C_Init                             0x08001aad   Thumb Code   302  stm32f1xx_hal_i2c.o(i.HAL_I2C_Init)
    HAL_I2C_Master_Receive                   0x08001bed   Thumb Code   516  stm32f1xx_hal_i2c.o(i.HAL_I2C_Master_Receive)
    HAL_I2C_Master_Transmit                  0x08001dfd   Thumb Code   304  stm32f1xx_hal_i2c.o(i.HAL_I2C_Master_Transmit)
    HAL_I2C_MspInit                          0x08001f35   Thumb Code    82  i2c.o(i.HAL_I2C_MspInit)
    HAL_IncTick                              0x08001f95   Thumb Code    12  stm32f1xx_hal.o(i.HAL_IncTick)
    HAL_Init                                 0x08001fa5   Thumb Code    32  stm32f1xx_hal.o(i.HAL_Init)
    HAL_InitTick                             0x08001fc9   Thumb Code   100  stm32f1xx_hal_timebase_tim.o(i.HAL_InitTick)
    HAL_MspInit                              0x0800203d   Thumb Code    62  stm32f1xx_hal_msp.o(i.HAL_MspInit)
    HAL_NVIC_EnableIRQ                       0x08002085   Thumb Code    22  stm32f1xx_hal_cortex.o(i.HAL_NVIC_EnableIRQ)
    HAL_NVIC_SetPriority                     0x0800209d   Thumb Code    60  stm32f1xx_hal_cortex.o(i.HAL_NVIC_SetPriority)
    HAL_NVIC_SetPriorityGrouping             0x080020dd   Thumb Code    26  stm32f1xx_hal_cortex.o(i.HAL_NVIC_SetPriorityGrouping)
    HAL_PI_To_UART_Receive_IDLE              0x08002101   Thumb Code    80  stm32_pi.o(i.HAL_PI_To_UART_Receive_IDLE)
    HAL_RCCEx_PeriphCLKConfig                0x08002155   Thumb Code   224  stm32f1xx_hal_rcc_ex.o(i.HAL_RCCEx_PeriphCLKConfig)
    HAL_RCC_ClockConfig                      0x08002241   Thumb Code   346  stm32f1xx_hal_rcc.o(i.HAL_RCC_ClockConfig)
    HAL_RCC_GetClockConfig                   0x080023ad   Thumb Code    54  stm32f1xx_hal_rcc.o(i.HAL_RCC_GetClockConfig)
    HAL_RCC_GetPCLK1Freq                     0x080023ed   Thumb Code    20  stm32f1xx_hal_rcc.o(i.HAL_RCC_GetPCLK1Freq)
    HAL_RCC_GetPCLK2Freq                     0x0800240d   Thumb Code    20  stm32f1xx_hal_rcc.o(i.HAL_RCC_GetPCLK2Freq)
    HAL_RCC_GetSysClockFreq                  0x0800242d   Thumb Code    74  stm32f1xx_hal_rcc.o(i.HAL_RCC_GetSysClockFreq)
    HAL_RCC_OscConfig                        0x08002499   Thumb Code   750  stm32f1xx_hal_rcc.o(i.HAL_RCC_OscConfig)
    HAL_TIMEx_BreakCallback                  0x0800279d   Thumb Code     2  stm32f1xx_hal_tim_ex.o(i.HAL_TIMEx_BreakCallback)
    HAL_TIMEx_CommutationCallback            0x0800279f   Thumb Code     2  stm32f1xx_hal_tim_ex.o(i.HAL_TIMEx_CommutationCallback)
    HAL_TIMEx_ConfigBreakDeadTime            0x080027a1   Thumb Code    90  stm32f1xx_hal_tim_ex.o(i.HAL_TIMEx_ConfigBreakDeadTime)
    HAL_TIMEx_MasterConfigSynchronization    0x080027fb   Thumb Code    80  stm32f1xx_hal_tim_ex.o(i.HAL_TIMEx_MasterConfigSynchronization)
    HAL_TIM_Base_Init                        0x0800284b   Thumb Code    54  stm32f1xx_hal_tim.o(i.HAL_TIM_Base_Init)
    HAL_TIM_Base_MspInit                     0x08002881   Thumb Code    30  tim.o(i.HAL_TIM_Base_MspInit)
    HAL_TIM_Base_Start_IT                    0x080028a9   Thumb Code    24  stm32f1xx_hal_tim.o(i.HAL_TIM_Base_Start_IT)
    HAL_TIM_IC_CaptureCallback               0x080028c1   Thumb Code     2  stm32f1xx_hal_tim.o(i.HAL_TIM_IC_CaptureCallback)
    HAL_TIM_IRQHandler                       0x080028c3   Thumb Code   358  stm32f1xx_hal_tim.o(i.HAL_TIM_IRQHandler)
    HAL_TIM_MspPostInit                      0x08002a29   Thumb Code   138  tim.o(i.HAL_TIM_MspPostInit)
    HAL_TIM_OC_DelayElapsedCallback          0x08002acd   Thumb Code     2  stm32f1xx_hal_tim.o(i.HAL_TIM_OC_DelayElapsedCallback)
    HAL_TIM_PWM_ConfigChannel                0x08002acf   Thumb Code   208  stm32f1xx_hal_tim.o(i.HAL_TIM_PWM_ConfigChannel)
    HAL_TIM_PWM_Init                         0x08002b9f   Thumb Code    54  stm32f1xx_hal_tim.o(i.HAL_TIM_PWM_Init)
    HAL_TIM_PWM_MspInit                      0x08002bd5   Thumb Code    52  tim.o(i.HAL_TIM_PWM_MspInit)
    HAL_TIM_PWM_PulseFinishedCallback        0x08002c15   Thumb Code     2  stm32f1xx_hal_tim.o(i.HAL_TIM_PWM_PulseFinishedCallback)
    HAL_TIM_PWM_Start                        0x08002c19   Thumb Code    48  stm32f1xx_hal_tim.o(i.HAL_TIM_PWM_Start)
    HAL_TIM_PeriodElapsedCallback            0x08002c51   Thumb Code    14  main.o(i.HAL_TIM_PeriodElapsedCallback)
    HAL_TIM_TriggerCallback                  0x08002c65   Thumb Code     2  stm32f1xx_hal_tim.o(i.HAL_TIM_TriggerCallback)
    HAL_UART1_Receive_IDLE                   0x08002c69   Thumb Code    98  jy901.o(i.HAL_UART1_Receive_IDLE)
    HAL_UART3_Receive_IDLE                   0x08002cd9   Thumb Code    74  sx1278.o(i.HAL_UART3_Receive_IDLE)
    HAL_UART_DMAStop                         0x08002d2d   Thumb Code    88  stm32f1xx_hal_uart.o(i.HAL_UART_DMAStop)
    HAL_UART_ErrorCallback                   0x08002d85   Thumb Code     2  stm32f1xx_hal_uart.o(i.HAL_UART_ErrorCallback)
    HAL_UART_IRQHandler                      0x08002d89   Thumb Code   266  stm32f1xx_hal_uart.o(i.HAL_UART_IRQHandler)
    HAL_UART_Init                            0x08002e99   Thumb Code    98  stm32f1xx_hal_uart.o(i.HAL_UART_Init)
    HAL_UART_MspInit                         0x08002efd   Thumb Code   542  usart.o(i.HAL_UART_MspInit)
    HAL_UART_Receive_DMA                     0x08003141   Thumb Code   138  stm32f1xx_hal_uart.o(i.HAL_UART_Receive_DMA)
    HAL_UART_RxCpltCallback                  0x080031d9   Thumb Code     2  stm32f1xx_hal_uart.o(i.HAL_UART_RxCpltCallback)
    HAL_UART_RxHalfCpltCallback              0x080031db   Thumb Code     2  stm32f1xx_hal_uart.o(i.HAL_UART_RxHalfCpltCallback)
    HAL_UART_Transmit                        0x080031dd   Thumb Code   186  stm32f1xx_hal_uart.o(i.HAL_UART_Transmit)
    HAL_UART_TxCpltCallback                  0x08003297   Thumb Code     2  stm32f1xx_hal_uart.o(i.HAL_UART_TxCpltCallback)
    HP206C_Init                              0x08003299   Thumb Code    90  hp206c_10ba.o(i.HP206C_Init)
    HardFault_Handler                        0x080032fd   Thumb Code     2  stm32f1xx_it.o(i.HardFault_Handler)
    I2C_BufferRead                           0x080032ff   Thumb Code    60  hp206c_10ba.o(i.I2C_BufferRead)
    I2C_ByteWrite                            0x0800333b   Thumb Code    34  hp206c_10ba.o(i.I2C_ByteWrite)
    IIC_Ack                                  0x080036e1   Thumb Code    64  myiic.o(i.IIC_Ack)
    IIC_NAck                                 0x08003725   Thumb Code    64  myiic.o(i.IIC_NAck)
    IIC_Read_Byte                            0x08003769   Thumb Code    92  myiic.o(i.IIC_Read_Byte)
    IIC_Send_Byte                            0x080037c9   Thumb Code    92  myiic.o(i.IIC_Send_Byte)
    IIC_Start                                0x08003829   Thumb Code    64  myiic.o(i.IIC_Start)
    IIC_Stop                                 0x0800386d   Thumb Code    64  myiic.o(i.IIC_Stop)
    IIC_Wait_Ack                             0x080038b1   Thumb Code    86  myiic.o(i.IIC_Wait_Ack)
    Incremental_PID_Cal                      0x0800390d   Thumb Code   234  pid.o(i.Incremental_PID_Cal)
    JY901_GetData                            0x080039f9   Thumb Code    84  jy901.o(i.JY901_GetData)
    JY901_Init                               0x08003a55   Thumb Code    28  jy901.o(i.JY901_Init)
    LED_SW                                   0x08003a79   Thumb Code   136  led.o(i.LED_SW)
    MX_ADC1_Init                             0x08003b09   Thumb Code    92  adc.o(i.MX_ADC1_Init)
    MX_DMA_Init                              0x08003b6d   Thumb Code   104  dma.o(i.MX_DMA_Init)
    MX_FREERTOS_Init                         0x08003bd9   Thumb Code   144  freertos.o(i.MX_FREERTOS_Init)
    MX_GPIO_Init                             0x08003c71   Thumb Code   302  gpio.o(i.MX_GPIO_Init)
    MX_I2C2_Init                             0x08003db9   Thumb Code    50  i2c.o(i.MX_I2C2_Init)
    MX_TIM1_Init                             0x08003df9   Thumb Code   204  tim.o(i.MX_TIM1_Init)
    MX_TIM3_Init                             0x08003ecd   Thumb Code   156  tim.o(i.MX_TIM3_Init)
    MX_TIM6_Init                             0x08003f71   Thumb Code    58  tim.o(i.MX_TIM6_Init)
    MX_USART1_UART_Init                      0x08003fb5   Thumb Code    48  usart.o(i.MX_USART1_UART_Init)
    MX_USART2_UART_Init                      0x08003fed   Thumb Code    48  usart.o(i.MX_USART2_UART_Init)
    MX_USART3_UART_Init                      0x08004025   Thumb Code    48  usart.o(i.MX_USART3_UART_Init)
    MemManage_Handler                        0x0800405d   Thumb Code     2  stm32f1xx_it.o(i.MemManage_Handler)
    NMI_Handler                              0x0800405f   Thumb Code     2  stm32f1xx_it.o(i.NMI_Handler)
    PID_Clear                                0x08004081   Thumb Code    18  pid.o(i.PID_Clear)
    PID_Init                                 0x08004095   Thumb Code    72  pid.o(i.PID_Init)
    PID_Param_Init                           0x080040e5   Thumb Code    50  pid.o(i.PID_Param_Init)
    PWM_Init                                 0x08004119   Thumb Code   114  pwm.o(i.PWM_Init)
    Pi_Stm32_unpackData                      0x08004195   Thumb Code   148  message_task.o(i.Pi_Stm32_unpackData)
    RDY_Detect                               0x08004231   Thumb Code    78  hp206c_10ba.o(i.RDY_Detect)
    ReadPressureAndTemperature               0x08004281   Thumb Code   132  hp206c_10ba.o(i.ReadPressureAndTemperature)
    SDA_In                                   0x08004309   Thumb Code    28  myiic.o(i.SDA_In)
    SDA_Out                                  0x08004329   Thumb Code    28  myiic.o(i.SDA_Out)
    SHT35_Init                               0x08004349   Thumb Code    20  sht35.o(i.SHT35_Init)
    SHT35_ReadData                           0x08004365   Thumb Code   116  sht35.o(i.SHT35_ReadData)
    SX1278_GetWorkingParam                   0x080043e9   Thumb Code    60  sx1278.o(i.SX1278_GetWorkingParam)
    SX1278_Init                              0x08004439   Thumb Code    64  sx1278.o(i.SX1278_Init)
    SX1278_SendData                          0x08004485   Thumb Code    14  sx1278.o(i.SX1278_SendData)
    SX1278_unpackData                        0x08004499   Thumb Code    30  message_task.o(i.SX1278_unpackData)
    SetHorizontal                            0x080044c5   Thumb Code   162  control.o(i.SetHorizontal)
    SetUpDowm                                0x08004585   Thumb Code    74  control.o(i.SetUpDowm)
    Stm32_Pi_Init                            0x080045e1   Thumb Code    28  stm32_pi.o(i.Stm32_Pi_Init)
    SysTick_Handler                          0x08004605   Thumb Code    38  port.o(i.SysTick_Handler)
    SystemClock_Config                       0x08004631   Thumb Code    98  main.o(i.SystemClock_Config)
    SystemInit                               0x08004695   Thumb Code    56  system_stm32f1xx.o(i.SystemInit)
    TIM7_IRQHandler                          0x080046dd   Thumb Code     6  stm32f1xx_it.o(i.TIM7_IRQHandler)
    TIM_Base_SetConfig                       0x080046e9   Thumb Code   120  stm32f1xx_hal_tim.o(i.TIM_Base_SetConfig)
    TIM_CCxChannelCmd                        0x08004775   Thumb Code    22  stm32f1xx_hal_tim.o(i.TIM_CCxChannelCmd)
    TIM_OC2_SetConfig                        0x080047ed   Thumb Code    98  stm32f1xx_hal_tim.o(i.TIM_OC2_SetConfig)
    Task_Queue_Semaphore_Timers_Create       0x08004911   Thumb Code    86  board.o(i.Task_Queue_Semaphore_Timers_Create)
    USART1_IRQHandler                        0x08004d09   Thumb Code    18  stm32f1xx_it.o(i.USART1_IRQHandler)
    USART2_IRQHandler                        0x08004d21   Thumb Code    18  stm32f1xx_it.o(i.USART2_IRQHandler)
    USART3_IRQHandler                        0x08004d39   Thumb Code    18  stm32f1xx_it.o(i.USART3_IRQHandler)
    USER_UART_IRQHandler                     0x08004d51   Thumb Code    52  board.o(i.USER_UART_IRQHandler)
    UsageFault_Handler                       0x08004d91   Thumb Code     2  stm32f1xx_it.o(i.UsageFault_Handler)
    __0sprintf                               0x08004d95   Thumb Code    34  printfa.o(i.__0sprintf)
    __1sprintf                               0x08004d95   Thumb Code     0  printfa.o(i.__0sprintf)
    __2sprintf                               0x08004d95   Thumb Code     0  printfa.o(i.__0sprintf)
    __c89sprintf                             0x08004d95   Thumb Code     0  printfa.o(i.__0sprintf)
    sprintf                                  0x08004d95   Thumb Code     0  printfa.o(i.__0sprintf)
    __scatterload_copy                       0x08004dbd   Thumb Code    14  handlers.o(i.__scatterload_copy)
    __scatterload_null                       0x08004dcb   Thumb Code     2  handlers.o(i.__scatterload_null)
    __scatterload_zeroinit                   0x08004dcd   Thumb Code    14  handlers.o(i.__scatterload_zeroinit)
    control_Task_Function                    0x08005679   Thumb Code   454  control_task.o(i.control_Task_Function)
    delay_ms                                 0x0800586d   Thumb Code    30  board.o(i.delay_ms)
    delay_sys_us                             0x0800588b   Thumb Code    20  delay.o(i.delay_sys_us)
    imu_Task_Function                        0x080058a1   Thumb Code    28  compass_task.o(i.imu_Task_Function)
    led_Task_Function                        0x080058c5   Thumb Code    12  ledtasks.o(i.led_Task_Function)
    leddown                                  0x080058d1   Thumb Code    20  control_task.o(i.leddown)
    ledlighter                               0x080058e5   Thumb Code    20  control_task.o(i.ledlighter)
    main                                     0x080058f9   Thumb Code   158  main.o(i.main)
    message_Task_Function                    0x080059c5   Thumb Code   170  message_task.o(i.message_Task_Function)
    osDelay                                  0x08005a91   Thumb Code    14  cmsis_os.o(i.osDelay)
    osKernelStart                            0x08005a9f   Thumb Code    10  cmsis_os.o(i.osKernelStart)
    osThreadCreate                           0x08005aa9   Thumb Code    46  cmsis_os.o(i.osThreadCreate)
    pressure_Task_Function                   0x08005ad9   Thumb Code    28  pressure_task.o(i.pressure_Task_Function)
    pvPortMalloc                             0x08005f55   Thumb Code   210  heap_4.o(i.pvPortMalloc)
    pvTaskIncrementMutexHeldCount            0x0800602d   Thumb Code    18  tasks.o(i.pvTaskIncrementMutexHeldCount)
    pxPortInitialiseStack                    0x08006045   Thumb Code    32  port.o(i.pxPortInitialiseStack)
    sendletter                               0x08006069   Thumb Code   118  control_task.o(i.sendletter)
    sensor_Task_Function                     0x08006139   Thumb Code    56  sensor_task.o(i.sensor_Task_Function)
    turndirection                            0x0800617d   Thumb Code   156  control_task.o(i.turndirection)
    updowndepth                              0x0800622d   Thumb Code    22  control_task.o(i.updowndepth)
    uxListRemove                             0x0800624d   Thumb Code    36  list.o(i.uxListRemove)
    vListInitialise                          0x08006271   Thumb Code    22  list.o(i.vListInitialise)
    vListInitialiseItem                      0x08006287   Thumb Code     6  list.o(i.vListInitialiseItem)
    vListInsert                              0x0800628d   Thumb Code    48  list.o(i.vListInsert)
    vListInsertEnd                           0x080062bd   Thumb Code    24  list.o(i.vListInsertEnd)
    vPortEnterCritical                       0x080062d5   Thumb Code    54  port.o(i.vPortEnterCritical)
    vPortExitCritical                        0x08006315   Thumb Code    34  port.o(i.vPortExitCritical)
    vPortFree                                0x0800633d   Thumb Code    88  heap_4.o(i.vPortFree)
    vPortSetupTimerInterrupt                 0x08006399   Thumb Code    26  port.o(i.vPortSetupTimerInterrupt)
    vTaskDelay                               0x080063b9   Thumb Code    66  tasks.o(i.vTaskDelay)
    vTaskDelayUntil                          0x08006405   Thumb Code   132  tasks.o(i.vTaskDelayUntil)
    vTaskMissedYield                         0x08006491   Thumb Code     8  tasks.o(i.vTaskMissedYield)
    vTaskPlaceOnEventList                    0x0800649d   Thumb Code    44  tasks.o(i.vTaskPlaceOnEventList)
    vTaskPriorityInherit                     0x080064cd   Thumb Code   124  tasks.o(i.vTaskPriorityInherit)
    vTaskSetTimeOutState                     0x08006551   Thumb Code    30  tasks.o(i.vTaskSetTimeOutState)
    vTaskStartScheduler                      0x08006575   Thumb Code    86  tasks.o(i.vTaskStartScheduler)
    vTaskSuspendAll                          0x080065dd   Thumb Code    10  tasks.o(i.vTaskSuspendAll)
    vTaskSwitchContext                       0x080065ed   Thumb Code    82  tasks.o(i.vTaskSwitchContext)
    xPortStartScheduler                      0x08006649   Thumb Code   102  port.o(i.xPortStartScheduler)
    xQueueGenericCreate                      0x080066bd   Thumb Code    72  queue.o(i.xQueueGenericCreate)
    xQueueGenericReceive                     0x08006705   Thumb Code   360  queue.o(i.xQueueGenericReceive)
    xQueueGenericReset                       0x08006871   Thumb Code   132  queue.o(i.xQueueGenericReset)
    xQueueGenericSend                        0x080068f9   Thumb Code   346  queue.o(i.xQueueGenericSend)
    xTaskCheckForTimeOut                     0x08006a59   Thumb Code   102  tasks.o(i.xTaskCheckForTimeOut)
    xTaskCreate                              0x08006ac5   Thumb Code    86  tasks.o(i.xTaskCreate)
    xTaskGetSchedulerState                   0x08006b1d   Thumb Code    22  tasks.o(i.xTaskGetSchedulerState)
    xTaskGetTickCount                        0x08006b39   Thumb Code     6  tasks.o(i.xTaskGetTickCount)
    xTaskIncrementTick                       0x08006b45   Thumb Code   192  tasks.o(i.xTaskIncrementTick)
    xTaskPriorityDisinherit                  0x08006c0d   Thumb Code   144  tasks.o(i.xTaskPriorityDisinherit)
    xTaskRemoveFromEventList                 0x08006ca5   Thumb Code   108  tasks.o(i.xTaskRemoveFromEventList)
    xTaskResumeAll                           0x08006d19   Thumb Code   182  tasks.o(i.xTaskResumeAll)
    AHBPrescTable                            0x08006e54   Data          16  system_stm32f1xx.o(.constdata)
    APBPrescTable                            0x08006e64   Data           8  system_stm32f1xx.o(.constdata)
    Region$$Table$$Base                      0x08006eb0   Number         0  anon$$obj.o(Region$$Table)
    Region$$Table$$Limit                     0x08006ed0   Number         0  anon$$obj.o(Region$$Table)
    moveround                                0x20000000   Data           4  main.o(.data)
    movesignal                               0x20000004   Data           4  main.o(.data)
    messageTaskHandle                        0x20000008   Data           4  freertos.o(.data)
    sensorTaskHandle                         0x2000000c   Data           4  freertos.o(.data)
    controlTaskHandle                        0x20000010   Data           4  freertos.o(.data)
    imuTaskHandle                            0x20000014   Data           4  freertos.o(.data)
    ledTaskHandle                            0x20000018   Data           4  freertos.o(.data)
    pressureTaskHandle                       0x2000001c   Data           4  freertos.o(.data)
    uwTickFreq                               0x20000020   Data           1  stm32f1xx_hal.o(.data)
    uwTickPrio                               0x20000024   Data           4  stm32f1xx_hal.o(.data)
    uwTick                                   0x20000028   Data           4  stm32f1xx_hal.o(.data)
    SystemCoreClock                          0x2000002c   Data           4  system_stm32f1xx.o(.data)
    pxCurrentTCB                             0x20000030   Data           4  tasks.o(.data)
    IMU_Message_Queue                        0x20000094   Data           4  board.o(.data)
    Control_Message_Queue                    0x20000098   Data           4  board.o(.data)
    Pressure_Message_Queue                   0x2000009c   Data           4  board.o(.data)
    TempHum_Message_Queue                    0x200000a0   Data           4  board.o(.data)
    Battery_Message_Queue                    0x200000a4   Data           4  board.o(.data)
    adcVoltage                               0x200000a8   Data           4  batt.o(.data)
    adcmA                                    0x200000ac   Data           4  batt.o(.data)
    ADC_Value                                0x200000b0   Data           8  batt.o(.data)
    sx1278_parse                             0x200000c0   Data           1  sx1278.o(.data)
    temp                                     0x200000cc   Data           4  jy901.o(.data)
    stcTime                                  0x200000d0   Data           8  jy901.o(.data)
    stcAcc                                   0x200000d8   Data           8  jy901.o(.data)
    stcGyro                                  0x200000e0   Data           8  jy901.o(.data)
    stcAngle                                 0x200000e8   Data           8  jy901.o(.data)
    stcMag                                   0x200000f0   Data           8  jy901.o(.data)
    stcDStatus                               0x200000f8   Data           8  jy901.o(.data)
    stcPress                                 0x20000100   Data           8  jy901.o(.data)
    stcLonLat                                0x20000108   Data           8  jy901.o(.data)
    stcGPSV                                  0x20000110   Data           8  jy901.o(.data)
    HP206F_OK                                0x20000118   Data           1  hp206c_10ba.o(.data)
    OSR_CFG                                  0x20000119   Data           1  hp206c_10ba.o(.data)
    Hp206c_pressure_pase                     0x2000011c   Data           4  hp206c_10ba.o(.data)
    Hp206c_pressure                          0x20000120   Data           4  hp206c_10ba.o(.data)
    Hp206c_Deepth                            0x20000124   Data           4  hp206c_10ba.o(.data)
    depth                                    0x20000130   Data           4  hp206c_10ba.o(.data)
    OSR_ConvertTime                          0x20000134   Data           4  hp206c_10ba.o(.data)
    SHT3X_Modecommand_Buffer                 0x20000138   Data           2  sht35.o(.data)
    SHT3X_Fetchcommand_Bbuffer               0x2000013a   Data           2  sht35.o(.data)
    Humidity                                 0x2000013c   Data           4  sht35.o(.data)
    Temperature                              0x20000140   Data           4  sht35.o(.data)
    SHT3X_Data_Buffer                        0x20000144   Data           6  sht35.o(.data)
    Heading_pid_param                        0x2000014c   Data          48  pid.o(.data)
    Deep_pid_param                           0x2000017c   Data          48  pid.o(.data)
    Pitch_pid_param                          0x200001ac   Data          48  pid.o(.data)
    findlineparam                            0x200001dc   Data          48  pid.o(.data)
    xCounterPi_To_Stm32                      0x2000020c   Data           2  control.o(.data)
    temp_l                                   0x20000210   Data           4  control.o(.data)
    temp_r                                   0x20000214   Data           4  control.o(.data)
    pitch_en                                 0x20000218   Data           1  control_task.o(.data)
    deep_en                                  0x20000219   Data           1  control_task.o(.data)
    test_motor                               0x2000021a   Data           2  control_task.o(.data)
    navi_position                            0x2000021c   Data           4  control_task.o(.data)
    b                                        0x20000220   Data           4  control_task.o(.data)
    W0                                       0x20000224   Data           4  control_task.o(.data)
    W1                                       0x20000228   Data           4  control_task.o(.data)
    disdead                                  0x2000022c   Data           4  control_task.o(.data)
    angdead                                  0x20000230   Data           4  control_task.o(.data)
    mod                                      0x20000234   Data           4  control_task.o(.data)
    flag                                     0x20000238   Data           4  control_task.o(.data)
    turnangle1                               0x2000023c   Data           4  control_task.o(.data)
    turnangle2                               0x20000240   Data           4  control_task.o(.data)
    headdis                                  0x20000244   Data           4  control_task.o(.data)
    headang                                  0x20000248   Data           4  control_task.o(.data)
    letter1                                  0x2000024c   Data           1  message_task.o(.data)
    letter2                                  0x2000024d   Data           1  message_task.o(.data)
    letter3                                  0x2000024e   Data           1  message_task.o(.data)
    letter4                                  0x2000024f   Data           1  message_task.o(.data)
    navi_center_to_line_angle                0x20000250   Data           4  message_task.o(.data)
    navi_center_to_line_distance             0x20000254   Data           4  message_task.o(.data)
    k                                        0x20000258   Data           4  message_task.o(.data)
    hadc1                                    0x2000027c   Data          48  adc.o(.bss)
    hdma_adc1                                0x200002ac   Data          68  adc.o(.bss)
    hi2c2                                    0x200002f0   Data          84  i2c.o(.bss)
    htim1                                    0x20000344   Data          64  tim.o(.bss)
    htim3                                    0x20000384   Data          64  tim.o(.bss)
    htim6                                    0x200003c4   Data          64  tim.o(.bss)
    huart1                                   0x20000404   Data          64  usart.o(.bss)
    huart2                                   0x20000444   Data          64  usart.o(.bss)
    huart3                                   0x20000484   Data          64  usart.o(.bss)
    hdma_usart1_rx                           0x200004c4   Data          68  usart.o(.bss)
    hdma_usart2_rx                           0x20000508   Data          68  usart.o(.bss)
    hdma_usart2_tx                           0x2000054c   Data          68  usart.o(.bss)
    hdma_usart3_rx                           0x20000590   Data          68  usart.o(.bss)
    htim7                                    0x200005d4   Data          64  stm32f1xx_hal_timebase_tim.o(.bss)
    BatVoltageBuf                            0x20002704   Data         404  batt.o(.bss)
    stringstore                              0x20002898   Data          30  sx1278.o(.bss)
    SX1278_Rec                               0x200028b6   Data         260  sx1278.o(.bss)
    JY901_Rec                                0x20002ab6   Data         260  jy901.o(.bss)
    imu_dev                                  0x20002bbc   Data          12  jy901.o(.bss)
    pressure_buf                             0x20002bc8   Data          44  hp206c_10ba.o(.bss)
    dev0                                     0x20002bf4   Data          16  hp206c_10ba.o(.bss)
    Deep_pid                                 0x20002c04   Data          76  pid.o(.bss)
    Heading_pid                              0x20002c50   Data          76  pid.o(.bss)
    Pitch_pid                                0x20002c9c   Data          76  pid.o(.bss)
    findline_pid                             0x20002ce8   Data          76  pid.o(.bss)
    send_buf                                 0x20002d34   Data          30  stm32_pi.o(.bss)
    stm32_pi_Rec                             0x20002d52   Data         260  stm32_pi.o(.bss)
    imu                                      0x20002e58   Data          12  compass_task.o(.bss)
    stringstore2                             0x20002e64   Data          50  control_task.o(.bss)
    stringstore3                             0x20002e96   Data          50  control_task.o(.bss)
    stringstore4                             0x20002ec8   Data          50  control_task.o(.bss)
    control_data                             0x20002efc   Data          32  control_task.o(.bss)
    pressure_data                            0x20002f48   Data          16  message_task.o(.bss)
    pressure_raw                             0x20002f58   Data          16  pressure_task.o(.bss)
    __initial_sp                             0x20003368   Data           0  startup_stm32f103xe.o(STACK)



==============================================================================

Memory Map of the image

  Image Entry point : 0x08000131

  Load Region LR_IROM1 (Base: 0x08000000, Size: 0x0000714c, Max: 0x00040000, ABSOLUTE, COMPRESSED[0x00006f28])

    Execution Region ER_IROM1 (Base: 0x08000000, Size: 0x00006ed0, Max: 0x00040000, ABSOLUTE)

    Base Addr    Size         Type   Attr      Idx    E Section Name        Object

    0x08000000   0x00000130   Data   RO            3    RESET               startup_stm32f103xe.o
    0x08000130   0x00000000   Code   RO         5814  * .ARM.Collect$$$$00000000  mc_w.l(entry.o)
    0x08000130   0x00000004   Code   RO         6124    .ARM.Collect$$$$00000001  mc_w.l(entry2.o)
    0x08000134   0x00000004   Code   RO         6127    .ARM.Collect$$$$00000004  mc_w.l(entry5.o)
    0x08000138   0x00000000   Code   RO         6129    .ARM.Collect$$$$00000008  mc_w.l(entry7b.o)
    0x08000138   0x00000000   Code   RO         6131    .ARM.Collect$$$$0000000A  mc_w.l(entry8b.o)
    0x08000138   0x00000008   Code   RO         6132    .ARM.Collect$$$$0000000B  mc_w.l(entry9a.o)
    0x08000140   0x00000000   Code   RO         6134    .ARM.Collect$$$$0000000D  mc_w.l(entry10a.o)
    0x08000140   0x00000000   Code   RO         6136    .ARM.Collect$$$$0000000F  mc_w.l(entry11a.o)
    0x08000140   0x00000004   Code   RO         6125    .ARM.Collect$$$$00002712  mc_w.l(entry2.o)
    0x08000144   0x00000096   Code   RO         4685    .emb_text           port.o
    0x080001da   0x00000002   PAD
    0x080001dc   0x00000024   Code   RO            4    .text               startup_stm32f103xe.o
    0x08000200   0x00000020   Code   RO         5817    .text               mc_w.l(llushr.o)
    0x08000220   0x00000024   Code   RO         5819    .text               mc_w.l(memcpya.o)
    0x08000244   0x00000024   Code   RO         5821    .text               mc_w.l(memseta.o)
    0x08000268   0x00000024   Code   RO         5823    .text               mc_w.l(strstr.o)
    0x0800028c   0x0000000e   Code   RO         5825    .text               mc_w.l(strlen.o)
    0x0800029a   0x000000b0   Code   RO         6090    .text               mf_w.l(fadd.o)
    0x0800034a   0x00000064   Code   RO         6092    .text               mf_w.l(fmul.o)
    0x080003ae   0x0000007c   Code   RO         6094    .text               mf_w.l(fdiv.o)
    0x0800042a   0x00000018   Code   RO         6096    .text               mf_w.l(fscalb.o)
    0x08000442   0x0000014e   Code   RO         6098    .text               mf_w.l(dadd.o)
    0x08000590   0x000000e4   Code   RO         6100    .text               mf_w.l(dmul.o)
    0x08000674   0x000000de   Code   RO         6102    .text               mf_w.l(ddiv.o)
    0x08000752   0x00000012   Code   RO         6104    .text               mf_w.l(fflti.o)
    0x08000764   0x0000000a   Code   RO         6106    .text               mf_w.l(ffltui.o)
    0x0800076e   0x00000022   Code   RO         6108    .text               mf_w.l(dflti.o)
    0x08000790   0x00000032   Code   RO         6110    .text               mf_w.l(ffixi.o)
    0x080007c2   0x00000028   Code   RO         6112    .text               mf_w.l(ffixui.o)
    0x080007ea   0x0000003e   Code   RO         6114    .text               mf_w.l(dfixi.o)
    0x08000828   0x00000026   Code   RO         6116    .text               mf_w.l(f2d.o)
    0x0800084e   0x00000038   Code   RO         6118    .text               mf_w.l(d2f.o)
    0x08000886   0x00000002   PAD
    0x08000888   0x00000014   Code   RO         6120    .text               mf_w.l(cfcmple.o)
    0x0800089c   0x00000014   Code   RO         6122    .text               mf_w.l(cfrcmple.o)
    0x080008b0   0x0000002c   Code   RO         6141    .text               mc_w.l(uidiv.o)
    0x080008dc   0x00000062   Code   RO         6143    .text               mc_w.l(uldiv.o)
    0x0800093e   0x0000001e   Code   RO         6145    .text               mc_w.l(llshl.o)
    0x0800095c   0x00000024   Code   RO         6147    .text               mc_w.l(llsshr.o)
    0x08000980   0x00000000   Code   RO         6149    .text               mc_w.l(iusefp.o)
    0x08000980   0x0000006e   Code   RO         6150    .text               mf_w.l(fepilogue.o)
    0x080009ee   0x000000ba   Code   RO         6152    .text               mf_w.l(depilogue.o)
    0x08000aa8   0x00000030   Code   RO         6154    .text               mf_w.l(dfixul.o)
    0x08000ad8   0x00000030   Code   RO         6156    .text               mf_w.l(cdrcmple.o)
    0x08000b08   0x00000024   Code   RO         6158    .text               mc_w.l(init.o)
    0x08000b2c   0x00000056   Code   RO         6170    .text               mc_w.l(__dczerorl2.o)
    0x08000b82   0x00000002   PAD
    0x08000b84   0x0000004c   Code   RO          891    i.ADC_ConversionStop_Disable  stm32f1xx_hal_adc.o
    0x08000bd0   0x0000004e   Code   RO          892    i.ADC_DMAConvCplt   stm32f1xx_hal_adc.o
    0x08000c1e   0x0000001a   Code   RO          893    i.ADC_DMAError      stm32f1xx_hal_adc.o
    0x08000c38   0x0000000a   Code   RO          894    i.ADC_DMAHalfConvCplt  stm32f1xx_hal_adc.o
    0x08000c42   0x00000002   PAD
    0x08000c44   0x00000070   Code   RO          895    i.ADC_Enable        stm32f1xx_hal_adc.o
    0x08000cb4   0x00000018   Code   RO         5439    i.Adder_Control_Disable_Counter  control.o
    0x08000ccc   0x0000002a   Code   RO         4765    i.BSP_Init          board.o
    0x08000cf6   0x00000002   PAD
    0x08000cf8   0x00000034   Code   RO         4841    i.Batt_Init         batt.o
    0x08000d2c   0x00000002   Code   RO          674    i.BusFault_Handler  stm32f1xx_it.o
    0x08000d2e   0x00000002   PAD
    0x08000d30   0x0000000c   Code   RO         5440    i.Clear_Control_Disable_Counter  control.o
    0x08000d3c   0x000000a8   Code   RO         5172    i.CopeSerialData    jy901.o
    0x08000de4   0x0000000c   Code   RO          675    i.DMA1_Channel1_IRQHandler  stm32f1xx_it.o
    0x08000df0   0x0000000c   Code   RO          676    i.DMA1_Channel3_IRQHandler  stm32f1xx_it.o
    0x08000dfc   0x0000000c   Code   RO          677    i.DMA1_Channel5_IRQHandler  stm32f1xx_it.o
    0x08000e08   0x0000000c   Code   RO          678    i.DMA1_Channel6_IRQHandler  stm32f1xx_it.o
    0x08000e14   0x0000000c   Code   RO          679    i.DMA1_Channel7_IRQHandler  stm32f1xx_it.o
    0x08000e20   0x0000002a   Code   RO         3121    i.DMA_SetConfig     stm32f1xx_hal_dma.o
    0x08000e4a   0x00000002   Code   RO          680    i.DebugMon_Handler  stm32f1xx_it.o
    0x08000e4c   0x00000022   Code   RO         5228    i.Deepth_RecursionFilter  hp206c_10ba.o
    0x08000e6e   0x00000006   Code   RO          681    i.EXTI2_IRQHandler  stm32f1xx_it.o
    0x08000e74   0x00000002   Code   RO           13    i.Error_Handler     main.o
    0x08000e76   0x00000002   PAD
    0x08000e78   0x0000004c   Code   RO         4843    i.GetCurrent        batt.o
    0x08000ec4   0x00000074   Code   RO         5229    i.GetHp206cData     hp206c_10ba.o
    0x08000f38   0x00000078   Code   RO         4844    i.GetVoltage        batt.o
    0x08000fb0   0x00000012   Code   RO         4845    i.Get_Batt_Data     batt.o
    0x08000fc2   0x00000002   PAD
    0x08000fc4   0x00000014   Code   RO         5441    i.Get_Control_Disable_Counter_State  control.o
    0x08000fd8   0x000000fc   Code   RO          897    i.HAL_ADC_ConfigChannel  stm32f1xx_hal_adc.o
    0x080010d4   0x00000002   Code   RO          898    i.HAL_ADC_ConvCpltCallback  stm32f1xx_hal_adc.o
    0x080010d6   0x00000002   Code   RO          899    i.HAL_ADC_ConvHalfCpltCallback  stm32f1xx_hal_adc.o
    0x080010d8   0x00000002   Code   RO          901    i.HAL_ADC_ErrorCallback  stm32f1xx_hal_adc.o
    0x080010da   0x00000002   PAD
    0x080010dc   0x00000124   Code   RO          906    i.HAL_ADC_Init      stm32f1xx_hal_adc.o
    0x08001200   0x0000008c   Code   RO          322    i.HAL_ADC_MspInit   adc.o
    0x0800128c   0x0000010c   Code   RO          913    i.HAL_ADC_Start_DMA  stm32f1xx_hal_adc.o
    0x08001398   0x00000030   Code   RO         3122    i.HAL_DMA_Abort     stm32f1xx_hal_dma.o
    0x080013c8   0x00000130   Code   RO         3123    i.HAL_DMA_Abort_IT  stm32f1xx_hal_dma.o
    0x080014f8   0x00000248   Code   RO         3127    i.HAL_DMA_IRQHandler  stm32f1xx_hal_dma.o
    0x08001740   0x0000007c   Code   RO         3128    i.HAL_DMA_Init      stm32f1xx_hal_dma.o
    0x080017bc   0x00000070   Code   RO         3132    i.HAL_DMA_Start_IT  stm32f1xx_hal_dma.o
    0x0800182c   0x00000024   Code   RO         2762    i.HAL_Delay         stm32f1xx_hal.o
    0x08001850   0x0000003c   Code   RO         4766    i.HAL_GPIO_EXTI_Callback  board.o
    0x0800188c   0x00000018   Code   RO         3057    i.HAL_GPIO_EXTI_IRQHandler  stm32f1xx_hal_gpio.o
    0x080018a4   0x000001e8   Code   RO         3058    i.HAL_GPIO_Init     stm32f1xx_hal_gpio.o
    0x08001a8c   0x0000000a   Code   RO         3060    i.HAL_GPIO_ReadPin  stm32f1xx_hal_gpio.o
    0x08001a96   0x0000000a   Code   RO         3062    i.HAL_GPIO_WritePin  stm32f1xx_hal_gpio.o
    0x08001aa0   0x0000000c   Code   RO         2766    i.HAL_GetTick       stm32f1xx_hal.o
    0x08001aac   0x00000140   Code   RO         1178    i.HAL_I2C_Init      stm32f1xx_hal_i2c.o
    0x08001bec   0x00000210   Code   RO         1184    i.HAL_I2C_Master_Receive  stm32f1xx_hal_i2c.o
    0x08001dfc   0x00000138   Code   RO         1189    i.HAL_I2C_Master_Transmit  stm32f1xx_hal_i2c.o
    0x08001f34   0x00000060   Code   RO          507    i.HAL_I2C_MspInit   i2c.o
    0x08001f94   0x00000010   Code   RO         2770    i.HAL_IncTick       stm32f1xx_hal.o
    0x08001fa4   0x00000024   Code   RO         2771    i.HAL_Init          stm32f1xx_hal.o
    0x08001fc8   0x00000074   Code   RO          816    i.HAL_InitTick      stm32f1xx_hal_timebase_tim.o
    0x0800203c   0x00000048   Code   RO          792    i.HAL_MspInit       stm32f1xx_hal_msp.o
    0x08002084   0x00000016   Code   RO         3218    i.HAL_NVIC_EnableIRQ  stm32f1xx_hal_cortex.o
    0x0800209a   0x00000002   PAD
    0x0800209c   0x00000040   Code   RO         3224    i.HAL_NVIC_SetPriority  stm32f1xx_hal_cortex.o
    0x080020dc   0x00000024   Code   RO         3225    i.HAL_NVIC_SetPriorityGrouping  stm32f1xx_hal_cortex.o
    0x08002100   0x00000054   Code   RO         5497    i.HAL_PI_To_UART_Receive_IDLE  stm32_pi.o
    0x08002154   0x000000ec   Code   RO         3021    i.HAL_RCCEx_PeriphCLKConfig  stm32f1xx_hal_rcc_ex.o
    0x08002240   0x0000016c   Code   RO         2918    i.HAL_RCC_ClockConfig  stm32f1xx_hal_rcc.o
    0x080023ac   0x00000040   Code   RO         2922    i.HAL_RCC_GetClockConfig  stm32f1xx_hal_rcc.o
    0x080023ec   0x00000020   Code   RO         2925    i.HAL_RCC_GetPCLK1Freq  stm32f1xx_hal_rcc.o
    0x0800240c   0x00000020   Code   RO         2926    i.HAL_RCC_GetPCLK2Freq  stm32f1xx_hal_rcc.o
    0x0800242c   0x0000006c   Code   RO         2927    i.HAL_RCC_GetSysClockFreq  stm32f1xx_hal_rcc.o
    0x08002498   0x00000304   Code   RO         2930    i.HAL_RCC_OscConfig  stm32f1xx_hal_rcc.o
    0x0800279c   0x00000002   Code   RO         2196    i.HAL_TIMEx_BreakCallback  stm32f1xx_hal_tim_ex.o
    0x0800279e   0x00000002   Code   RO         2197    i.HAL_TIMEx_CommutationCallback  stm32f1xx_hal_tim_ex.o
    0x080027a0   0x0000005a   Code   RO         2198    i.HAL_TIMEx_ConfigBreakDeadTime  stm32f1xx_hal_tim_ex.o
    0x080027fa   0x00000050   Code   RO         2213    i.HAL_TIMEx_MasterConfigSynchronization  stm32f1xx_hal_tim_ex.o
    0x0800284a   0x00000036   Code   RO         1567    i.HAL_TIM_Base_Init  stm32f1xx_hal_tim.o
    0x08002880   0x00000028   Code   RO          549    i.HAL_TIM_Base_MspInit  tim.o
    0x080028a8   0x00000018   Code   RO         1572    i.HAL_TIM_Base_Start_IT  stm32f1xx_hal_tim.o
    0x080028c0   0x00000002   Code   RO         1596    i.HAL_TIM_IC_CaptureCallback  stm32f1xx_hal_tim.o
    0x080028c2   0x00000166   Code   RO         1609    i.HAL_TIM_IRQHandler  stm32f1xx_hal_tim.o
    0x08002a28   0x000000a4   Code   RO          550    i.HAL_TIM_MspPostInit  tim.o
    0x08002acc   0x00000002   Code   RO         1612    i.HAL_TIM_OC_DelayElapsedCallback  stm32f1xx_hal_tim.o
    0x08002ace   0x000000d0   Code   RO         1633    i.HAL_TIM_PWM_ConfigChannel  stm32f1xx_hal_tim.o
    0x08002b9e   0x00000036   Code   RO         1636    i.HAL_TIM_PWM_Init  stm32f1xx_hal_tim.o
    0x08002bd4   0x00000040   Code   RO          552    i.HAL_TIM_PWM_MspInit  tim.o
    0x08002c14   0x00000002   Code   RO         1639    i.HAL_TIM_PWM_PulseFinishedCallback  stm32f1xx_hal_tim.o
    0x08002c16   0x00000002   PAD
    0x08002c18   0x00000038   Code   RO         1640    i.HAL_TIM_PWM_Start  stm32f1xx_hal_tim.o
    0x08002c50   0x00000014   Code   RO           14    i.HAL_TIM_PeriodElapsedCallback  main.o
    0x08002c64   0x00000002   Code   RO         1650    i.HAL_TIM_TriggerCallback  stm32f1xx_hal_tim.o
    0x08002c66   0x00000002   PAD
    0x08002c68   0x00000070   Code   RO         5173    i.HAL_UART1_Receive_IDLE  jy901.o
    0x08002cd8   0x00000054   Code   RO         5110    i.HAL_UART3_Receive_IDLE  sx1278.o
    0x08002d2c   0x00000058   Code   RO         2448    i.HAL_UART_DMAStop  stm32f1xx_hal_uart.o
    0x08002d84   0x00000002   Code   RO         2450    i.HAL_UART_ErrorCallback  stm32f1xx_hal_uart.o
    0x08002d86   0x00000002   PAD
    0x08002d88   0x00000110   Code   RO         2453    i.HAL_UART_IRQHandler  stm32f1xx_hal_uart.o
    0x08002e98   0x00000062   Code   RO         2454    i.HAL_UART_Init     stm32f1xx_hal_uart.o
    0x08002efa   0x00000002   PAD
    0x08002efc   0x00000244   Code   RO          621    i.HAL_UART_MspInit  usart.o
    0x08003140   0x00000098   Code   RO         2458    i.HAL_UART_Receive_DMA  stm32f1xx_hal_uart.o
    0x080031d8   0x00000002   Code   RO         2460    i.HAL_UART_RxCpltCallback  stm32f1xx_hal_uart.o
    0x080031da   0x00000002   Code   RO         2461    i.HAL_UART_RxHalfCpltCallback  stm32f1xx_hal_uart.o
    0x080031dc   0x000000ba   Code   RO         2462    i.HAL_UART_Transmit  stm32f1xx_hal_uart.o
    0x08003296   0x00000002   Code   RO         2465    i.HAL_UART_TxCpltCallback  stm32f1xx_hal_uart.o
    0x08003298   0x00000064   Code   RO         5231    i.HP206C_Init       hp206c_10ba.o
    0x080032fc   0x00000002   Code   RO          682    i.HardFault_Handler  stm32f1xx_it.o
    0x080032fe   0x0000003c   Code   RO         5236    i.I2C_BufferRead    hp206c_10ba.o
    0x0800333a   0x00000022   Code   RO         5237    i.I2C_ByteWrite     hp206c_10ba.o
    0x0800335c   0x00000028   Code   RO         1216    i.I2C_IsAcknowledgeFailed  stm32f1xx_hal_i2c.o
    0x08003384   0x000000de   Code   RO         1219    i.I2C_MasterRequestRead  stm32f1xx_hal_i2c.o
    0x08003462   0x00000002   PAD
    0x08003464   0x00000094   Code   RO         1220    i.I2C_MasterRequestWrite  stm32f1xx_hal_i2c.o
    0x080034f8   0x0000004e   Code   RO         1229    i.I2C_WaitOnBTFFlagUntilTimeout  stm32f1xx_hal_i2c.o
    0x08003546   0x00000060   Code   RO         1230    i.I2C_WaitOnFlagUntilTimeout  stm32f1xx_hal_i2c.o
    0x080035a6   0x00000002   PAD
    0x080035a8   0x00000088   Code   RO         1231    i.I2C_WaitOnMasterAddressFlagUntilTimeout  stm32f1xx_hal_i2c.o
    0x08003630   0x00000062   Code   RO         1232    i.I2C_WaitOnRXNEFlagUntilTimeout  stm32f1xx_hal_i2c.o
    0x08003692   0x0000004e   Code   RO         1233    i.I2C_WaitOnTXEFlagUntilTimeout  stm32f1xx_hal_i2c.o
    0x080036e0   0x00000044   Code   RO         5039    i.IIC_Ack           myiic.o
    0x08003724   0x00000044   Code   RO         5040    i.IIC_NAck          myiic.o
    0x08003768   0x00000060   Code   RO         5041    i.IIC_Read_Byte     myiic.o
    0x080037c8   0x00000060   Code   RO         5042    i.IIC_Send_Byte     myiic.o
    0x08003828   0x00000044   Code   RO         5043    i.IIC_Start         myiic.o
    0x0800386c   0x00000044   Code   RO         5044    i.IIC_Stop          myiic.o
    0x080038b0   0x0000005c   Code   RO         5045    i.IIC_Wait_Ack      myiic.o
    0x0800390c   0x000000ea   Code   RO         5378    i.Incremental_PID_Cal  pid.o
    0x080039f6   0x00000002   PAD
    0x080039f8   0x0000005c   Code   RO         5174    i.JY901_GetData     jy901.o
    0x08003a54   0x00000024   Code   RO         5175    i.JY901_Init        jy901.o
    0x08003a78   0x00000090   Code   RO         4897    i.LED_SW            led.o
    0x08003b08   0x00000064   Code   RO          323    i.MX_ADC1_Init      adc.o
    0x08003b6c   0x0000006c   Code   RO          363    i.MX_DMA_Init       dma.o
    0x08003bd8   0x00000098   Code   RO          387    i.MX_FREERTOS_Init  freertos.o
    0x08003c70   0x00000148   Code   RO          297    i.MX_GPIO_Init      gpio.o
    0x08003db8   0x00000040   Code   RO          508    i.MX_I2C2_Init      i2c.o
    0x08003df8   0x000000d4   Code   RO          553    i.MX_TIM1_Init      tim.o
    0x08003ecc   0x000000a4   Code   RO          554    i.MX_TIM3_Init      tim.o
    0x08003f70   0x00000044   Code   RO          555    i.MX_TIM6_Init      tim.o
    0x08003fb4   0x00000038   Code   RO          622    i.MX_USART1_UART_Init  usart.o
    0x08003fec   0x00000038   Code   RO          623    i.MX_USART2_UART_Init  usart.o
    0x08004024   0x00000038   Code   RO          624    i.MX_USART3_UART_Init  usart.o
    0x0800405c   0x00000002   Code   RO          683    i.MemManage_Handler  stm32f1xx_it.o
    0x0800405e   0x00000002   Code   RO          684    i.NMI_Handler       stm32f1xx_it.o
    0x08004060   0x00000020   Code   RO         3231    i.NVIC_SetPriority  stm32f1xx_hal_cortex.o
    0x08004080   0x00000012   Code   RO         5379    i.PID_Clear         pid.o
    0x08004092   0x00000002   PAD
    0x08004094   0x00000050   Code   RO         5380    i.PID_Init          pid.o
    0x080040e4   0x00000032   Code   RO         5381    i.PID_Param_Init    pid.o
    0x08004116   0x00000002   PAD
    0x08004118   0x0000007c   Code   RO         4966    i.PWM_Init          pwm.o
    0x08004194   0x0000009c   Code   RO         5691    i.Pi_Stm32_unpackData  message_task.o
    0x08004230   0x0000004e   Code   RO         5238    i.RDY_Detect        hp206c_10ba.o
    0x0800427e   0x00000002   PAD
    0x08004280   0x00000088   Code   RO         5240    i.ReadPressureAndTemperature  hp206c_10ba.o
    0x08004308   0x00000020   Code   RO         5046    i.SDA_In            myiic.o
    0x08004328   0x00000020   Code   RO         5047    i.SDA_Out           myiic.o
    0x08004348   0x0000001c   Code   RO         5336    i.SHT35_Init        sht35.o
    0x08004364   0x00000084   Code   RO         5337    i.SHT35_ReadData    sht35.o
    0x080043e8   0x00000050   Code   RO         5112    i.SX1278_GetWorkingParam  sx1278.o
    0x08004438   0x0000004c   Code   RO         5113    i.SX1278_Init       sx1278.o
    0x08004484   0x00000014   Code   RO         5114    i.SX1278_SendData   sx1278.o
    0x08004498   0x0000002c   Code   RO         5692    i.SX1278_unpackData  message_task.o
    0x080044c4   0x000000c0   Code   RO         5442    i.SetHorizontal     control.o
    0x08004584   0x0000005c   Code   RO         5443    i.SetUpDowm         control.o
    0x080045e0   0x00000024   Code   RO         5500    i.Stm32_Pi_Init     stm32_pi.o
    0x08004604   0x0000002c   Code   RO         4686    i.SysTick_Handler   port.o
    0x08004630   0x00000062   Code   RO           15    i.SystemClock_Config  main.o
    0x08004692   0x00000002   PAD
    0x08004694   0x00000048   Code   RO         3647    i.SystemInit        system_stm32f1xx.o
    0x080046dc   0x0000000c   Code   RO          685    i.TIM7_IRQHandler   stm32f1xx_it.o
    0x080046e8   0x0000008c   Code   RO         1651    i.TIM_Base_SetConfig  stm32f1xx_hal_tim.o
    0x08004774   0x00000016   Code   RO         1652    i.TIM_CCxChannelCmd  stm32f1xx_hal_tim.o
    0x0800478a   0x00000002   PAD
    0x0800478c   0x00000060   Code   RO         1660    i.TIM_OC1_SetConfig  stm32f1xx_hal_tim.o
    0x080047ec   0x0000006c   Code   RO         1661    i.TIM_OC2_SetConfig  stm32f1xx_hal_tim.o
    0x08004858   0x00000068   Code   RO         1662    i.TIM_OC3_SetConfig  stm32f1xx_hal_tim.o
    0x080048c0   0x00000050   Code   RO         1663    i.TIM_OC4_SetConfig  stm32f1xx_hal_tim.o
    0x08004910   0x0000005c   Code   RO         4767    i.Task_Queue_Semaphore_Timers_Create  board.o
    0x0800496c   0x00000010   Code   RO         2467    i.UART_DMAAbortOnError  stm32f1xx_hal_uart.o
    0x0800497c   0x0000004a   Code   RO         2468    i.UART_DMAError     stm32f1xx_hal_uart.o
    0x080049c6   0x0000003c   Code   RO         2469    i.UART_DMAReceiveCplt  stm32f1xx_hal_uart.o
    0x08004a02   0x0000000a   Code   RO         2471    i.UART_DMARxHalfCplt  stm32f1xx_hal_uart.o
    0x08004a0c   0x0000001c   Code   RO         2477    i.UART_EndRxTransfer  stm32f1xx_hal_uart.o
    0x08004a28   0x00000012   Code   RO         2478    i.UART_EndTxTransfer  stm32f1xx_hal_uart.o
    0x08004a3a   0x00000096   Code   RO         2479    i.UART_Receive_IT   stm32f1xx_hal_uart.o
    0x08004ad0   0x00000170   Code   RO         2480    i.UART_SetConfig    stm32f1xx_hal_uart.o
    0x08004c40   0x00000062   Code   RO         2481    i.UART_Transmit_IT  stm32f1xx_hal_uart.o
    0x08004ca2   0x00000064   Code   RO         2482    i.UART_WaitOnFlagUntilTimeout  stm32f1xx_hal_uart.o
    0x08004d06   0x00000002   PAD
    0x08004d08   0x00000018   Code   RO          686    i.USART1_IRQHandler  stm32f1xx_it.o
    0x08004d20   0x00000018   Code   RO          687    i.USART2_IRQHandler  stm32f1xx_it.o
    0x08004d38   0x00000018   Code   RO          688    i.USART3_IRQHandler  stm32f1xx_it.o
    0x08004d50   0x00000040   Code   RO         4768    i.USER_UART_IRQHandler  board.o
    0x08004d90   0x00000002   Code   RO          689    i.UsageFault_Handler  stm32f1xx_it.o
    0x08004d92   0x00000002   PAD
    0x08004d94   0x00000028   Code   RO         6064    i.__0sprintf        mc_w.l(printfa.o)
    0x08004dbc   0x0000000e   Code   RO         6164    i.__scatterload_copy  mc_w.l(handlers.o)
    0x08004dca   0x00000002   Code   RO         6165    i.__scatterload_null  mc_w.l(handlers.o)
    0x08004dcc   0x0000000e   Code   RO         6166    i.__scatterload_zeroinit  mc_w.l(handlers.o)
    0x08004dda   0x00000002   PAD
    0x08004ddc   0x00000164   Code   RO         6069    i._fp_digits        mc_w.l(printfa.o)
    0x08004f40   0x000006dc   Code   RO         6070    i._printf_core      mc_w.l(printfa.o)
    0x0800561c   0x00000024   Code   RO         6071    i._printf_post_padding  mc_w.l(printfa.o)
    0x08005640   0x0000002e   Code   RO         6072    i._printf_pre_padding  mc_w.l(printfa.o)
    0x0800566e   0x0000000a   Code   RO         6074    i._sputc            mc_w.l(printfa.o)
    0x08005678   0x000001f4   Code   RO         5613    i.control_Task_Function  control_task.o
    0x0800586c   0x0000001e   Code   RO         4769    i.delay_ms          board.o
    0x0800588a   0x00000014   Code   RO         5008    i.delay_sys_us      delay.o
    0x0800589e   0x00000002   PAD
    0x080058a0   0x00000024   Code   RO         5567    i.imu_Task_Function  compass_task.o
    0x080058c4   0x0000000c   Code   RO         5793    i.led_Task_Function  ledtasks.o
    0x080058d0   0x00000014   Code   RO         5614    i.leddown           control_task.o
    0x080058e4   0x00000014   Code   RO         5615    i.ledlighter        control_task.o
    0x080058f8   0x000000c0   Code   RO           16    i.main              main.o
    0x080059b8   0x0000000c   Code   RO         4251    i.makeFreeRtosPriority  cmsis_os.o
    0x080059c4   0x000000cc   Code   RO         5693    i.message_Task_Function  message_task.o
    0x08005a90   0x0000000e   Code   RO         4253    i.osDelay           cmsis_os.o
    0x08005a9e   0x0000000a   Code   RO         4256    i.osKernelStart     cmsis_os.o
    0x08005aa8   0x0000002e   Code   RO         4290    i.osThreadCreate    cmsis_os.o
    0x08005ad6   0x00000002   PAD
    0x08005ad8   0x00000024   Code   RO         5740    i.pressure_Task_Function  pressure_task.o
    0x08005afc   0x00000070   Code   RO         3956    i.prvAddCurrentTaskToDelayedList  tasks.o
    0x08005b6c   0x000000d0   Code   RO         3957    i.prvAddNewTaskToReadyList  tasks.o
    0x08005c3c   0x00000050   Code   RO         3958    i.prvCheckTasksWaitingTermination  tasks.o
    0x08005c8c   0x00000026   Code   RO         3816    i.prvCopyDataFromQueue  queue.o
    0x08005cb2   0x0000006c   Code   RO         3817    i.prvCopyDataToQueue  queue.o
    0x08005d1e   0x00000014   Code   RO         3959    i.prvDeleteTCB      tasks.o
    0x08005d32   0x00000002   PAD
    0x08005d34   0x0000004c   Code   RO         4624    i.prvHeapInit       heap_4.o
    0x08005d80   0x00000028   Code   RO         3960    i.prvIdleTask       tasks.o
    0x08005da8   0x0000008e   Code   RO         3961    i.prvInitialiseNewTask  tasks.o
    0x08005e36   0x00000002   PAD
    0x08005e38   0x0000004c   Code   RO         4625    i.prvInsertBlockIntoFreeList  heap_4.o
    0x08005e84   0x0000001c   Code   RO         3818    i.prvIsQueueEmpty   queue.o
    0x08005ea0   0x00000020   Code   RO         3962    i.prvResetNextTaskUnblockTime  tasks.o
    0x08005ec0   0x00000028   Code   RO         4687    i.prvTaskExitError  port.o
    0x08005ee8   0x0000006a   Code   RO         3819    i.prvUnlockQueue    queue.o
    0x08005f52   0x00000002   PAD
    0x08005f54   0x000000d8   Code   RO         4626    i.pvPortMalloc      heap_4.o
    0x0800602c   0x00000018   Code   RO         3964    i.pvTaskIncrementMutexHeldCount  tasks.o
    0x08006044   0x00000024   Code   RO         4688    i.pxPortInitialiseStack  port.o
    0x08006068   0x000000d0   Code   RO         5617    i.sendletter        control_task.o
    0x08006138   0x00000044   Code   RO         5767    i.sensor_Task_Function  sensor_task.o
    0x0800617c   0x000000b0   Code   RO         5618    i.turndirection     control_task.o
    0x0800622c   0x00000020   Code   RO         5619    i.updowndepth       control_task.o
    0x0800624c   0x00000024   Code   RO         3779    i.uxListRemove      list.o
    0x08006270   0x00000016   Code   RO         3780    i.vListInitialise   list.o
    0x08006286   0x00000006   Code   RO         3781    i.vListInitialiseItem  list.o
    0x0800628c   0x00000030   Code   RO         3782    i.vListInsert       list.o
    0x080062bc   0x00000018   Code   RO         3783    i.vListInsertEnd    list.o
    0x080062d4   0x00000040   Code   RO         4690    i.vPortEnterCritical  port.o
    0x08006314   0x00000028   Code   RO         4691    i.vPortExitCritical  port.o
    0x0800633c   0x0000005c   Code   RO         4627    i.vPortFree         heap_4.o
    0x08006398   0x00000020   Code   RO         4692    i.vPortSetupTimerInterrupt  port.o
    0x080063b8   0x0000004c   Code   RO         3970    i.vTaskDelay        tasks.o
    0x08006404   0x0000008c   Code   RO         3971    i.vTaskDelayUntil   tasks.o
    0x08006490   0x0000000c   Code   RO         3974    i.vTaskMissedYield  tasks.o
    0x0800649c   0x00000030   Code   RO         3976    i.vTaskPlaceOnEventList  tasks.o
    0x080064cc   0x00000084   Code   RO         3978    i.vTaskPriorityInherit  tasks.o
    0x08006550   0x00000024   Code   RO         3981    i.vTaskSetTimeOutState  tasks.o
    0x08006574   0x00000068   Code   RO         3982    i.vTaskStartScheduler  tasks.o
    0x080065dc   0x00000010   Code   RO         3984    i.vTaskSuspendAll   tasks.o
    0x080065ec   0x0000005c   Code   RO         3985    i.vTaskSwitchContext  tasks.o
    0x08006648   0x00000074   Code   RO         4694    i.xPortStartScheduler  port.o
    0x080066bc   0x00000048   Code   RO         3827    i.xQueueGenericCreate  queue.o
    0x08006704   0x0000016c   Code   RO         3828    i.xQueueGenericReceive  queue.o
    0x08006870   0x00000088   Code   RO         3829    i.xQueueGenericReset  queue.o
    0x080068f8   0x00000160   Code   RO         3830    i.xQueueGenericSend  queue.o
    0x08006a58   0x0000006c   Code   RO         3986    i.xTaskCheckForTimeOut  tasks.o
    0x08006ac4   0x00000056   Code   RO         3987    i.xTaskCreate       tasks.o
    0x08006b1a   0x00000002   PAD
    0x08006b1c   0x0000001c   Code   RO         3991    i.xTaskGetSchedulerState  tasks.o
    0x08006b38   0x0000000c   Code   RO         3992    i.xTaskGetTickCount  tasks.o
    0x08006b44   0x000000c8   Code   RO         3994    i.xTaskIncrementTick  tasks.o
    0x08006c0c   0x00000098   Code   RO         3997    i.xTaskPriorityDisinherit  tasks.o
    0x08006ca4   0x00000074   Code   RO         3998    i.xTaskRemoveFromEventList  tasks.o
    0x08006d18   0x000000c4   Code   RO         4000    i.xTaskResumeAll    tasks.o
    0x08006ddc   0x00000078   Data   RO          394    .constdata          freertos.o
    0x08006e54   0x00000010   Data   RO         3648    .constdata          system_stm32f1xx.o
    0x08006e64   0x00000008   Data   RO         3649    .constdata          system_stm32f1xx.o
    0x08006e6c   0x00000044   Data   RO          395    .conststring        freertos.o
    0x08006eb0   0x00000020   Data   RO         6162    Region$$Table       anon$$obj.o


    Execution Region RW_IRAM1 (Base: 0x20000000, Size: 0x00003368, Max: 0x0000c000, ABSOLUTE, COMPRESSED[0x00000058])

    Base Addr    Size         Type   Attr      Idx    E Section Name        Object

    0x20000000   0x00000008   Data   RW           18    .data               main.o
    0x20000008   0x00000018   Data   RW          396    .data               freertos.o
    0x20000020   0x0000000c   Data   RW         2778    .data               stm32f1xx_hal.o
    0x2000002c   0x00000004   Data   RW         3650    .data               system_stm32f1xx.o
    0x20000030   0x0000003c   Data   RW         4003    .data               tasks.o
    0x2000006c   0x00000018   Data   RW         4632    .data               heap_4.o
    0x20000084   0x0000000c   Data   RW         4695    .data               port.o
    0x20000090   0x00000018   Data   RW         4770    .data               board.o
    0x200000a8   0x00000018   Data   RW         4848    .data               batt.o
    0x200000c0   0x00000008   Data   RW         5118    .data               sx1278.o
    0x200000c8   0x00000050   Data   RW         5178    .data               jy901.o
    0x20000118   0x00000020   Data   RW         5243    .data               hp206c_10ba.o
    0x20000138   0x00000012   Data   RW         5339    .data               sht35.o
    0x2000014a   0x00000002   PAD
    0x2000014c   0x000000c0   Data   RW         5384    .data               pid.o
    0x2000020c   0x0000000c   Data   RW         5444    .data               control.o
    0x20000218   0x00000034   Data   RW         5625    .data               control_task.o
    0x2000024c   0x00000020   Data   RW         5696    .data               message_task.o
    0x2000026c   0x00000010   Data   RW         5768    .data               sensor_task.o
    0x2000027c   0x00000074   Zero   RW          324    .bss                adc.o
    0x200002f0   0x00000054   Zero   RW          509    .bss                i2c.o
    0x20000344   0x000000c0   Zero   RW          556    .bss                tim.o
    0x20000404   0x000001d0   Zero   RW          625    .bss                usart.o
    0x200005d4   0x00000040   Zero   RW          819    .bss                stm32f1xx_hal_timebase_tim.o
    0x20000614   0x000000f0   Zero   RW         4002    .bss                tasks.o
    0x20000704   0x00002000   Zero   RW         4631    .bss                heap_4.o
    0x20002704   0x00000194   Zero   RW         4847    .bss                batt.o
    0x20002898   0x00000122   Zero   RW         5116    .bss                sx1278.o
    0x200029ba   0x00000002   PAD
    0x200029bc   0x0000020c   Zero   RW         5177    .bss                jy901.o
    0x20002bc8   0x0000003c   Zero   RW         5242    .bss                hp206c_10ba.o
    0x20002c04   0x00000130   Zero   RW         5383    .bss                pid.o
    0x20002d34   0x00000122   Zero   RW         5501    .bss                stm32_pi.o
    0x20002e56   0x00000002   PAD
    0x20002e58   0x0000000c   Zero   RW         5568    .bss                compass_task.o
    0x20002e64   0x000000b8   Zero   RW         5620    .bss                control_task.o
    0x20002f1c   0x0000003c   Zero   RW         5695    .bss                message_task.o
    0x20002f58   0x00000010   Zero   RW         5741    .bss                pressure_task.o
    0x20002f68   0x00000400   Zero   RW            1    STACK               startup_stm32f103xe.o


==============================================================================

Image component sizes


      Code (inc. data)   RO Data    RW Data    ZI Data      Debug   Object Name

       240         28          0          0        116       1595   adc.o
       266         62          0         24        404       3319   batt.o
       288         26          0         24          0       3346   board.o
        82          0          0          0          0      12301   cmsis_os.o
        36          8          0          0         12        686   compass_task.o
       340         62          0         12          0       2804   control.o
       956        166          0         52        184       5385   control_task.o
        20          0          0          0          0        463   delay.o
       108          4          0          0          0        722   dma.o
         0          0          0          0          0       9500   event_groups.o
       152          8        188         24          0       5665   freertos.o
       328         26          0          0          0        995   gpio.o
       460         24          0         24       8192       6855   heap_4.o
       558         30          0         32         60       5046   hp206c_10ba.o
       160         28          0          0         84       1477   i2c.o
       408         48          0         80        524       5059   jy901.o
       144         18          0          0          0        653   led.o
        12          0          0          0          0        444   ledtasks.o
       136          0          0          0          0       3082   list.o
       312         40          0          8          0     523338   main.o
       404         56          0         32         60       3039   message_task.o
       620         38          0          0          0       4740   myiic.o
       382          8          0        192        304       4227   pid.o
       522         62          0         12          0       9912   port.o
        36          8          0          0         16        684   pressure_task.o
       124         10          0          0          0        491   pwm.o
      1204         14          0          0          0       9098   queue.o
        68         12          0         16          0        683   sensor_task.o
       160         24          0         18          0       1987   sht35.o
        36          8        304          0       1024        780   startup_stm32f103xe.o
       120         12          0          0        290       2482   stm32_pi.o
       100         18          0         12          0       5666   stm32f1xx_hal.o
      1120         58          0          0          0       7490   stm32f1xx_hal_adc.o
       154         14          0          0          0      24554   stm32f1xx_hal_cortex.o
      1214         52          0          0          0       4410   stm32f1xx_hal_dma.o
       532         48          0          0          0       3594   stm32f1xx_hal_gpio.o
      2056         44          0          0          0      10182   stm32f1xx_hal_i2c.o
        72         10          0          0          0        802   stm32f1xx_hal_msp.o
      1372        108          0          0          0       5401   stm32f1xx_hal_rcc.o
       236         12          0          0          0       1288   stm32f1xx_hal_rcc_ex.o
      1312         64          0          0          0      10878   stm32f1xx_hal_tim.o
       174          0          0          0          0       2902   stm32f1xx_hal_tim_ex.o
       116         16          0          0         64       1303   stm32f1xx_hal_timebase_tim.o
      1726         24          0          0          0      11923   stm32f1xx_hal_uart.o
       162         54          0          0          0       6653   stm32f1xx_it.o
       260         48          0          8        290       3212   sx1278.o
        72         16         24          4          0       1091   system_stm32f1xx.o
      2212        186          0         60        240      21399   tasks.o
       712         74          0          0        192       3912   tim.o
       748         62          0          0        464       3156   usart.o

    ----------------------------------------------------------------------
     23088       1738        548        636      12524     760674   Object Totals
         0          0         32          0          0          0   (incl. Generated)
        56          0          0          2          4          0   (incl. Padding)

    ----------------------------------------------------------------------

      Code (inc. data)   RO Data    RW Data    ZI Data      Debug   Library Member Name

        86          0          0          0          0          0   __dczerorl2.o
         0          0          0          0          0          0   entry.o
         0          0          0          0          0          0   entry10a.o
         0          0          0          0          0          0   entry11a.o
         8          4          0          0          0          0   entry2.o
         4          0          0          0          0          0   entry5.o
         0          0          0          0          0          0   entry7b.o
         0          0          0          0          0          0   entry8b.o
         8          4          0          0          0          0   entry9a.o
        30          0          0          0          0          0   handlers.o
        36          8          0          0          0         68   init.o
         0          0          0          0          0          0   iusefp.o
        30          0          0          0          0         68   llshl.o
        36          0          0          0          0         68   llsshr.o
        32          0          0          0          0         68   llushr.o
        36          0          0          0          0         68   memcpya.o
        36          0          0          0          0        108   memseta.o
      2244         86          0          0          0        512   printfa.o
        14          0          0          0          0         68   strlen.o
        36          0          0          0          0         80   strstr.o
        44          0          0          0          0         80   uidiv.o
        98          0          0          0          0         92   uldiv.o
        48          0          0          0          0         68   cdrcmple.o
        20          0          0          0          0         68   cfcmple.o
        20          0          0          0          0         68   cfrcmple.o
        56          0          0          0          0         88   d2f.o
       334          0          0          0          0        148   dadd.o
       222          0          0          0          0        100   ddiv.o
       186          0          0          0          0        176   depilogue.o
        62          0          0          0          0         80   dfixi.o
        48          0          0          0          0         68   dfixul.o
        34          0          0          0          0         76   dflti.o
       228          0          0          0          0         96   dmul.o
        38          0          0          0          0         68   f2d.o
       176          0          0          0          0        140   fadd.o
       124          0          0          0          0         88   fdiv.o
       110          0          0          0          0        168   fepilogue.o
        50          0          0          0          0         68   ffixi.o
        40          0          0          0          0         68   ffixui.o
        18          0          0          0          0         68   fflti.o
        10          0          0          0          0         68   ffltui.o
       100          0          0          0          0         76   fmul.o
        24          0          0          0          0         68   fscalb.o

    ----------------------------------------------------------------------
      4732        102          0          0          0       3196   Library Totals
         6          0          0          0          0          0   (incl. Padding)

    ----------------------------------------------------------------------

      Code (inc. data)   RO Data    RW Data    ZI Data      Debug   Library Name

      2778        102          0          0          0       1280   mc_w.l
      1948          0          0          0          0       1916   mf_w.l

    ----------------------------------------------------------------------
      4732        102          0          0          0       3196   Library Totals

    ----------------------------------------------------------------------

==============================================================================


      Code (inc. data)   RO Data    RW Data    ZI Data      Debug   

     27820       1840        548        636      12524     749958   Grand Totals
     27820       1840        548         88      12524     749958   ELF Image Totals (compressed)
     27820       1840        548         88          0          0   ROM Totals

==============================================================================

    Total RO  Size (Code + RO Data)                28368 (  27.70kB)
    Total RW  Size (RW Data + ZI Data)             13160 (  12.85kB)
    Total ROM Size (Code + RO Data + RW Data)      28456 (  27.79kB)

==============================================================================

